Component: ARM Compiler 5.05 update 2 (build 169) Tool: armlink [4d0f33]

==============================================================================

Section Cross References

    startup_stm32f10x_hd.o(STACK) refers (Special) to heapauxi.o(.text) for __use_two_region_memory
    startup_stm32f10x_hd.o(HEAP) refers (Special) to heapauxi.o(.text) for __use_two_region_memory
    startup_stm32f10x_hd.o(RESET) refers (Special) to heapauxi.o(.text) for __use_two_region_memory
    startup_stm32f10x_hd.o(RESET) refers to startup_stm32f10x_hd.o(STACK) for __initial_sp
    startup_stm32f10x_hd.o(RESET) refers to startup_stm32f10x_hd.o(.text) for Reset_Handler
    startup_stm32f10x_hd.o(RESET) refers to port.o(.emb_text) for SVC_Handler
    startup_stm32f10x_hd.o(RESET) refers to delay.o(i.SysTick_Handler) for SysTick_Handler
    startup_stm32f10x_hd.o(RESET) refers to rtc.o(i.RTC_IRQHandler) for RTC_IRQHandler
    startup_stm32f10x_hd.o(RESET) refers to can.o(i.USB_LP_CAN1_RX0_IRQHandler) for USB_LP_CAN1_RX0_IRQHandler
    startup_stm32f10x_hd.o(RESET) refers to can.o(i.CAN1_SCE_IRQHandler) for CAN1_SCE_IRQHandler
    startup_stm32f10x_hd.o(RESET) refers to exti.o(i.EXTI9_5_IRQHandler) for EXTI9_5_IRQHandler
    startup_stm32f10x_hd.o(RESET) refers to timer.o(i.TIM2_IRQHandler) for TIM2_IRQHandler
    startup_stm32f10x_hd.o(RESET) refers to timer.o(i.TIM3_IRQHandler) for TIM3_IRQHandler
    startup_stm32f10x_hd.o(RESET) refers to timer.o(i.TIM4_IRQHandler) for TIM4_IRQHandler
    startup_stm32f10x_hd.o(RESET) refers to usart.o(i.USART1_IRQHandler) for USART1_IRQHandler
    startup_stm32f10x_hd.o(RESET) refers to usart.o(i.USART2_IRQHandler) for USART2_IRQHandler
    startup_stm32f10x_hd.o(RESET) refers to usart.o(i.USART3_IRQHandler) for USART3_IRQHandler
    startup_stm32f10x_hd.o(RESET) refers to exti.o(i.EXTI15_10_IRQHandler) for EXTI15_10_IRQHandler
    startup_stm32f10x_hd.o(.text) refers (Special) to heapauxi.o(.text) for __use_two_region_memory
    startup_stm32f10x_hd.o(.text) refers to __main.o(!!!main) for __main
    startup_stm32f10x_hd.o(.text) refers to startup_stm32f10x_hd.o(HEAP) for Heap_Mem
    startup_stm32f10x_hd.o(.text) refers to startup_stm32f10x_hd.o(STACK) for Stack_Mem
    softimers.o(i.KEYCallback) refers to adc.o(i.KEY_Get) for KEY_Get
    softimers.o(i.TimersCreate) refers to tasks.o(i.vTaskDelay) for vTaskDelay
    softimers.o(i.TimersCreate) refers to timers.o(i.xTimerCreate) for xTimerCreate
    softimers.o(i.TimersCreate) refers to tasks.o(i.xTaskGetTickCount) for xTaskGetTickCount
    softimers.o(i.TimersCreate) refers to timers.o(i.xTimerGenericCommand) for xTimerGenericCommand
    softimers.o(i.TimersCreate) refers to softimers.o(i.KEYCallback) for KEYCallback
    softimers.o(i.TimersCreate) refers to softimers.o(.data) for KEY_Timer_Handle
    app.o(i.APP_INT) refers to cantask.o(i.CanTASK_Create) for CanTASK_Create
    app.o(i.APP_INT) refers to udstask.o(i.udsTASK_Create) for udsTASK_Create
    app.o(i.APP_INT) refers to wakeuptask.o(i.wakeupTASK_Create) for wakeupTASK_Create
    app.o(i.APP_INT) refers to uartexptask.o(i.ProcessTASK_Create) for ProcessTASK_Create
    app.o(i.APP_INT) refers to inputscantask.o(i.InPutScanTASK_Create) for InPutScanTASK_Create
    app.o(i.APP_INT) refers to uarttask.o(i.uartTASK_Create) for uartTASK_Create
    ledtask.o(i.ledTASK_Create) refers to tasks.o(i.xTaskCreate) for xTaskCreate
    ledtask.o(i.ledTASK_Create) refers to ledtask.o(.data) for ledTask_Handler
    ledtask.o(i.ledTASK_Create) refers to ledtask.o(i.led_task) for led_task
    ledtask.o(i.led_task) refers to rand.o(.emb_text) for rand
    ledtask.o(i.led_task) refers to tasks.o(i.vTaskDelay) for vTaskDelay
    ledtask.o(i.led_task) refers to information.o(.data) for RADIO_Inf
    ledtask.o(i.led_task) refers to ledtask.o(.data) for buf
    inputscantask.o(i.CARInf_Process) refers to uartexp.o(i.CMD_8101) for CMD_8101
    inputscantask.o(i.CARInf_Process) refers to inputscantask.o(i.Write_car) for Write_car
    inputscantask.o(i.CARInf_Process) refers to cantask.o(i.DTC_process) for DTC_process
    inputscantask.o(i.CARInf_Process) refers to laroundexp.o(i.LA_CMD_82) for LA_CMD_82
    inputscantask.o(i.CARInf_Process) refers to output.o(i.Astern_Ctrl) for Astern_Ctrl
    inputscantask.o(i.CARInf_Process) refers to uartexp.o(i.Check_TXSTA) for Check_TXSTA
    inputscantask.o(i.CARInf_Process) refers to inputscantask.o(i.Read_car) for Read_car
    inputscantask.o(i.CARInf_Process) refers to uartexp.o(i.CMD_8103) for CMD_8103
    inputscantask.o(i.CARInf_Process) refers to uartexp.o(i.CMD_8201) for CMD_8201
    inputscantask.o(i.CARInf_Process) refers to inputscantask.o(.data) for cnt
    inputscantask.o(i.CARInf_Process) refers to information.o(.data) for CAR_Inf
    inputscantask.o(i.CARInf_Process) refers to pdu.o(.bss) for uds
    inputscantask.o(i.InPutProcess) refers to inputscantask.o(i.RTC_Process) for RTC_Process
[...]
    TX_TaskCancel                            0x08012b01   Thumb Code    64  uartexp.o(i.TX_TaskCancel)
    TX_Vsorce                                0x08012b45   Thumb Code   122  cantask.o(i.TX_Vsorce)
    Test_CMD00                               0x08012bcd   Thumb Code   200  testcmd.o(i.Test_CMD00)
    Test_CMD00_source                        0x08012ca5   Thumb Code    56  testcmd.o(i.Test_CMD00_source)
    Test_CMD01                               0x08012ce1   Thumb Code    56  testcmd.o(i.Test_CMD01)
    Test_CMD02                               0x08012d21   Thumb Code   170  testcmd.o(i.Test_CMD02)
    Test_CMD03                               0x08012dd5   Thumb Code    70  testcmd.o(i.Test_CMD03)
    Test_CMD04                               0x08012e21   Thumb Code    84  testcmd.o(i.Test_CMD04)
    Test_CMD07                               0x08012e79   Thumb Code    70  testcmd.o(i.Test_CMD07)
    Test_CMD08                               0x08012ecd   Thumb Code    70  testcmd.o(i.Test_CMD08)
    Test_CMD09                               0x08012f1d   Thumb Code   128  testcmd.o(i.Test_CMD09)
    Test_CMD0A                               0x08012fa5   Thumb Code    56  testcmd.o(i.Test_CMD0A)
    Test_CMD0B                               0x08012fe1   Thumb Code    76  testcmd.o(i.Test_CMD0B)
    Test_CMD0C                               0x08013031   Thumb Code    52  testcmd.o(i.Test_CMD0C)
    Test_CMD0D                               0x08013069   Thumb Code    56  testcmd.o(i.Test_CMD0D)
    Test_CMDFC                               0x080130a5   Thumb Code    48  testcmd.o(i.Test_CMDFC)
    Test_CMDProcess                          0x080130d9   Thumb Code   268  testcmd.o(i.Test_CMDProcess)
    Test_CmdGet                              0x080131ed   Thumb Code   168  testcmd.o(i.Test_CmdGet)
    Test_CmdSend                             0x080132a9   Thumb Code    84  testcmd.o(i.Test_CmdSend)
    Test_RadioCtrl                           0x080132fd   Thumb Code   182  testcmd.o(i.Test_RadioCtrl)
    Test_Receivebyte                         0x080133bd   Thumb Code    12  testcmd.o(i.Test_Receivebyte)
    Test_Sendbyte                            0x080133c9   Thumb Code    22  testcmd.o(i.Test_Sendbyte)
    Test_SunCheck                            0x080133e5   Thumb Code    58  testcmd.o(i.Test_SunCheck)
    Test_inquirtfrq                          0x08013429   Thumb Code    50  testcmd.o(i.Test_inquirtfrq)
    Test_keysend                             0x08013465   Thumb Code    52  testcmd.o(i.Test_keysend)
    Test_pc2mpu                              0x080134ad   Thumb Code    50  testcmd.o(i.Test_pc2mpu)
    Test_read_buf                            0x080134e9   Thumb Code    54  testcmd.o(i.Test_read_buf)
    Test_respond                             0x0801352d   Thumb Code    60  testcmd.o(i.Test_respond)
    Test_sendProcess                         0x08013569   Thumb Code    30  testcmd.o(i.Test_sendProcess)
    Test_sendfrqcover                        0x08013589   Thumb Code    68  testcmd.o(i.Test_sendfrqcover)
    Test_wrie_buf                            0x080135d9   Thumb Code    68  testcmd.o(i.Test_wrie_buf)
    Tick_init                                0x08013629   Thumb Code   106  delay.o(i.Tick_init)
    TimersCreate                             0x0801369d   Thumb Code    68  softimers.o(i.TimersCreate)
    UART_explain                             0x08013789   Thumb Code   502  uartexp.o(i.UART_explain)
    USART1_IRQHandler                        0x08013989   Thumb Code    28  usart.o(i.USART1_IRQHandler)
    USART2_IRQHandler                        0x080139a9   Thumb Code   154  usart.o(i.USART2_IRQHandler)
    USART3_IRQHandler                        0x08013a51   Thumb Code    56  usart.o(i.USART3_IRQHandler)
    USB_LP_CAN1_RX0_IRQHandler               0x08013a95   Thumb Code    60  can.o(i.USB_LP_CAN1_RX0_IRQHandler)
    Uart2_TxBuff                             0x08013ad5   Thumb Code    46  usart.o(i.Uart2_TxBuff)
    Uart3_TxBuff                             0x08013b09   Thumb Code    46  usart.o(i.Uart3_TxBuff)
    UdsInternal_CheckSessionTimeout          0x08013b3d   Thumb Code    56  pdu.o(i.UdsInternal_CheckSessionTimeout)
    UdsInternal_ClearDiagnosticInformation   0x08013b79   Thumb Code   132  pdu.o(i.UdsInternal_ClearDiagnosticInformation)
    UdsInternal_CommunicationControl         0x08013bfd   Thumb Code   148  pdu.o(i.UdsInternal_CommunicationControl)
    UdsInternal_ControlDTCSetting            0x08013c91   Thumb Code   136  pdu.o(i.UdsInternal_ControlDTCSetting)
    UdsInternal_DiagnosticSessionControl     0x08013d19   Thumb Code   248  pdu.o(i.UdsInternal_DiagnosticSessionControl)
    UdsInternal_ECUReset                     0x08013e19   Thumb Code   146  pdu.o(i.UdsInternal_ECUReset)
    UdsInternal_InputOutputControlByIdentifier 0x08013f09   Thumb Code   136  pdu.o(i.UdsInternal_InputOutputControlByIdentifier)
    UdsInternal_IsSidSessionValid            0x0801406d   Thumb Code   102  pdu.o(i.UdsInternal_IsSidSessionValid)
    UdsInternal_ReadDTCInformation           0x080141f5   Thumb Code   302  pdu.o(i.UdsInternal_ReadDTCInformation)
    UdsInternal_ReadDataByIdentifier         0x08014323   Thumb Code   150  pdu.o(i.UdsInternal_ReadDataByIdentifier)
    UdsInternal_RoutineControl               0x080143b9   Thumb Code   194  pdu.o(i.UdsInternal_RoutineControl)
    UdsInternal_SecurityAccess               0x0801447d   Thumb Code   362  pdu.o(i.UdsInternal_SecurityAccess)
    UdsInternal_TesterPresent                0x080145ed   Thumb Code   118  pdu.o(i.UdsInternal_TesterPresent)
    UdsInternal_WriteDataByIdentifier        0x08014663   Thumb Code   140  pdu.o(i.UdsInternal_WriteDataByIdentifier)
    Uds_CanTpProvideRxBuffer                 0x080146f1   Thumb Code    48  pdu.o(i.Uds_CanTpProvideRxBuffer)
    Uds_CanTpRxIndication                    0x08014725   Thumb Code    18  pdu.o(i.Uds_CanTpRxIndication)
    Uds_CanTpTxConfirmation                  0x0801473d   Thumb Code    14  pdu.o(i.Uds_CanTpTxConfirmation)
    Uds_ClearDTC                             0x08014751   Thumb Code    40  uds_interface.o(i.Uds_ClearDTC)
    Uds_CommunicationControl                 0x08014785   Thumb Code    86  uds_interface.o(i.Uds_CommunicationControl)
    Uds_CompareKey                           0x080147db   Thumb Code    54  uds_interface.o(i.Uds_CompareKey)
    Uds_ControlDTCSetting                    0x08014811   Thumb Code    32  uds_interface.o(i.Uds_ControlDTCSetting)
    Uds_DiagnosticSessionControl             0x08014831   Thumb Code     8  uds_interface.o(i.Uds_DiagnosticSessionControl)
    Uds_DiagnosticSessionControlPreCheck     0x0801483d   Thumb Code    54  uds_interface.o(i.Uds_DiagnosticSessionControlPreCheck)
    Uds_EcuReset                             0x08014879   Thumb Code    22  uds_interface.o(i.Uds_EcuReset)
    Uds_EcuResetPreCheck                     0x0801488f   Thumb Code     6  uds_interface.o(i.Uds_EcuResetPreCheck)
    Uds_GetServiceTable                      0x080148f9   Thumb Code    68  pdu.o(i.Uds_GetServiceTable)
    Uds_GetTime                              0x08014941   Thumb Code     6  uds_interface.o(i.Uds_GetTime)
    Uds_Init                                 0x0801494d   Thumb Code    46  pdu.o(i.Uds_Init)
    Uds_InputOutputControlByIdentifier       0x08014981   Thumb Code    30  uds_interface.o(i.Uds_InputOutputControlByIdentifier)
    Uds_MainTask                             0x080149a1   Thumb Code    28  pdu.o(i.Uds_MainTask)
    Uds_ReadDataByIdentifier                 0x080149c1   Thumb Code   640  uds_interface.o(i.Uds_ReadDataByIdentifier)
    Uds_ReadDtcStatus                        0x08014c85   Thumb Code     8  uds_interface.o(i.Uds_ReadDtcStatus)
    Uds_ReportDTCByStatusMask                0x08014c91   Thumb Code   118  uds_interface.o(i.Uds_ReportDTCByStatusMask)
    Uds_ReportNumberOfDTCByStatusMask        0x08014d15   Thumb Code    78  uds_interface.o(i.Uds_ReportNumberOfDTCByStatusMask)
    Uds_ReportSupportedDTC                   0x08014d71   Thumb Code   110  uds_interface.o(i.Uds_ReportSupportedDTC)
    Uds_RequestSeed                          0x08014ded   Thumb Code    26  uds_interface.o(i.Uds_RequestSeed)
    Uds_RoutineControl                       0x08014e07   Thumb Code    42  uds_interface.o(i.Uds_RoutineControl)
    Uds_TesterPresent                        0x08014e31   Thumb Code     2  uds_interface.o(i.Uds_TesterPresent)
    Uds_Tick                                 0x08014e35   Thumb Code    12  pdu.o(i.Uds_Tick)
    Uds_WriteDataByIdentifier                0x08014e45   Thumb Code   236  uds_interface.o(i.Uds_WriteDataByIdentifier)
    WFI_SET                                  0x08014f51   Thumb Code     4  sys.o(i.WFI_SET)
    Writ_KEY                                 0x08014f55   Thumb Code    18  adc.o(i.Writ_KEY)
    Write_car                                0x08014f6d   Thumb Code    44  inputscantask.o(i.Write_car)
    Write_sendcache                          0x08014fa1   Thumb Code    90  testcmd.o(i.Write_sendcache)
    _HARDWARE_INT                            0x08015001   Thumb Code    78  hardware.o(i._HARDWARE_INT)
    __ARM_fpclassify                         0x0801504f   Thumb Code    40  fpclassify.o(i.__ARM_fpclassify)
    _is_digit                                0x08015077   Thumb Code    14  __printf_wp.o(i._is_digit)
    _sys_exit                                0x08015085   Thumb Code     4  usart.o(i._sys_exit)
    batctrl_log                              0x08015089   Thumb Code    34  wakeuptask.o(i.batctrl_log)
    cl_ladtc                                 0x08015115   Thumb Code    18  laroundexp.o(i.cl_ladtc)
    cl_mpudtc                                0x08015135   Thumb Code    28  uartexp.o(i.cl_mpudtc)
    cl_upcnt                                 0x0801515d   Thumb Code     8  wakeuptask.o(i.cl_upcnt)
    clean_TXtask                             0x08015169   Thumb Code    40  uartexp.o(i.clean_TXtask)
    clear_KEYvalue                           0x08015199   Thumb Code    10  adc.o(i.clear_KEYvalue)
    delay_ms                                 0x080151a9   Thumb Code    60  delay.o(i.delay_ms)
    delay_task                               0x080151e9   Thumb Code    18  uartexp.o(i.delay_task)
    delay_us                                 0x08015205   Thumb Code    68  delay.o(i.delay_us)
    delay_xms                                0x0801524d   Thumb Code    24  delay.o(i.delay_xms)
    devTEF665x_Patch_Init                    0x08015265   Thumb Code   128  radio.o(i.devTEF665x_Patch_Init)
    disable_exit                             0x08015385   Thumb Code    24  exti.o(i.disable_exit)
    fputc                                    0x08015469   Thumb Code    24  usart.o(i.fputc)
    get_version                              0x08015485   Thumb Code   216  radio.o(i.get_version)
    getbattervalue                           0x080155ad   Thumb Code    44  adc.o(i.getbattervalue)
    getchvalue                               0x080155dd   Thumb Code    50  adc.o(i.getchvalue)
    lock_check                               0x08015615   Thumb Code    24  uartexp.o(i.lock_check)
    loop_task                                0x08015631   Thumb Code    48  uartexp.o(i.loop_task)
    main                                     0x08015665   Thumb Code   134  test.o(i.main)
    null                                     0x08015705   Thumb Code     4  uartexp.o(i.null)
    power_check                              0x08015709   Thumb Code    84  testcmd.o(i.power_check)
    pvPortMalloc                             0x08016049   Thumb Code   188  heap_4.o(i.pvPortMalloc)
    pxPortInitialiseStack                    0x08016119   Thumb Code    30  port.o(i.pxPortInitialiseStack)
    start_task                               0x0801613d   Thumb Code    30  test.o(i.start_task)
    uart1_init                               0x08016161   Thumb Code   202  usart.o(i.uart1_init)
    uart2GetByte                             0x0801623d   Thumb Code    54  usart.o(i.uart2GetByte)
    uart2Process                             0x08016281   Thumb Code   220  uarttask.o(i.uart2Process)
    uart2_init                               0x08016375   Thumb Code   218  usart.o(i.uart2_init)
    uart3GetByte                             0x08016461   Thumb Code    60  usart.o(i.uart3GetByte)
    uart3Process                             0x080164a9   Thumb Code   290  uarttask.o(i.uart3Process)
    uart3_init                               0x080165e9   Thumb Code   202  usart.o(i.uart3_init)
    uartTASK_Create                          0x080166c5   Thumb Code    26  uarttask.o(i.uartTASK_Create)
    uart_process                             0x080166f5   Thumb Code    76  uarttask.o(i.uart_process)
    udsTASK_Create                           0x08016795   Thumb Code    26  udstask.o(i.udsTASK_Create)
    uds_dtc_check                            0x080167c5   Thumb Code   290  dtc.o(i.uds_dtc_check)
    uds_dtc_disable                          0x080168f9   Thumb Code     8  dtc.o(i.uds_dtc_disable)
    uds_dtc_enable                           0x08016905   Thumb Code     8  dtc.o(i.uds_dtc_enable)
    uxListRemove                             0x08016979   Thumb Code    40  list.o(i.uxListRemove)
    vListInitialise                          0x080169a1   Thumb Code    26  list.o(i.vListInitialise)
    vListInitialiseItem                      0x080169bb   Thumb Code     6  list.o(i.vListInitialiseItem)
    vListInsert                              0x080169c1   Thumb Code    52  list.o(i.vListInsert)
    vListInsertEnd                           0x080169f5   Thumb Code    24  list.o(i.vListInsertEnd)
    vPortEnterCritical                       0x08016a0d   Thumb Code    30  port.o(i.vPortEnterCritical)
    vPortExitCritical                        0x08016a31   Thumb Code    28  port.o(i.vPortExitCritical)
    vPortFree                                0x08016a51   Thumb Code    64  heap_4.o(i.vPortFree)
    vPortSetupTimerInterrupt                 0x08016a99   Thumb Code    36  port.o(i.vPortSetupTimerInterrupt)
    vQueueAddToRegistry                      0x08016ac1   Thumb Code    38  queue.o(i.vQueueAddToRegistry)
    vQueueWaitForMessageRestricted           0x08016aed   Thumb Code    74  queue.o(i.vQueueWaitForMessageRestricted)
    vTaskDelay                               0x08016b39   Thumb Code    46  tasks.o(i.vTaskDelay)
    vTaskDelayUntil                          0x08016b6d   Thumb Code   106  tasks.o(i.vTaskDelayUntil)
    vTaskDelete                              0x08016be1   Thumb Code   166  tasks.o(i.vTaskDelete)
    vTaskInternalSetTimeOutState             0x08016cad   Thumb Code    14  tasks.o(i.vTaskInternalSetTimeOutState)
    vTaskMissedYield                         0x08016cc5   Thumb Code     8  tasks.o(i.vTaskMissedYield)
    vTaskPlaceOnEventList                    0x08016cd1   Thumb Code    28  tasks.o(i.vTaskPlaceOnEventList)
    vTaskPlaceOnEventListRestricted          0x08016cf1   Thumb Code    36  tasks.o(i.vTaskPlaceOnEventListRestricted)
    vTaskStartScheduler                      0x08016d19   Thumb Code    82  tasks.o(i.vTaskStartScheduler)
    vTaskSuspendAll                          0x08016d8d   Thumb Code    12  tasks.o(i.vTaskSuspendAll)
    vTaskSwitchContext                       0x08016d9d   Thumb Code    76  tasks.o(i.vTaskSwitchContext)
    wakeupTASK_Create                        0x08016dfd   Thumb Code    26  wakeuptask.o(i.wakeupTASK_Create)
    xPortStartScheduler                      0x08016e3d   Thumb Code    42  port.o(i.xPortStartScheduler)
    xPortSysTickHandler                      0x08016e71   Thumb Code    46  port.o(i.xPortSysTickHandler)
    xQueueGenericCreate                      0x08016ea5   Thumb Code    56  queue.o(i.xQueueGenericCreate)
    xQueueGenericReset                       0x08016edd   Thumb Code   122  queue.o(i.xQueueGenericReset)
    xQueueGenericSend                        0x08016f5d   Thumb Code   276  queue.o(i.xQueueGenericSend)
    xQueueGenericSendFromISR                 0x08017075   Thumb Code   134  queue.o(i.xQueueGenericSendFromISR)
    xQueueReceive                            0x080170fd   Thumb Code   256  queue.o(i.xQueueReceive)
    xTaskCheckForTimeOut                     0x08017201   Thumb Code    84  tasks.o(i.xTaskCheckForTimeOut)
    xTaskCreate                              0x0801725d   Thumb Code    96  tasks.o(i.xTaskCreate)
    xTaskGetSchedulerState                   0x080172bd   Thumb Code    24  tasks.o(i.xTaskGetSchedulerState)
    xTaskGetTickCount                        0x080172dd   Thumb Code     6  tasks.o(i.xTaskGetTickCount)
    xTaskIncrementTick                       0x080172e9   Thumb Code   238  tasks.o(i.xTaskIncrementTick)
    xTaskPriorityDisinherit                  0x08017405   Thumb Code   122  tasks.o(i.xTaskPriorityDisinherit)
    xTaskRemoveFromEventList                 0x08017489   Thumb Code   104  tasks.o(i.xTaskRemoveFromEventList)
    xTaskResumeAll                           0x08017509   Thumb Code   196  tasks.o(i.xTaskResumeAll)
    xTimerCreate                             0x080175f1   Thumb Code    48  timers.o(i.xTimerCreate)
    xTimerCreateTimerTask                    0x08017621   Thumb Code    42  timers.o(i.xTimerCreateTimerTask)
    xTimerGenericCommand                     0x08017661   Thumb Code   104  timers.o(i.xTimerGenericCommand)
    _get_lc_numeric                          0x080176cd   Thumb Code    44  lc_numeric_c.o(locale$$code)
    __aeabi_d2f                              0x080176f9   Thumb Code     0  d2f.o(x$fpl$d2f)
    _d2f                                     0x080176f9   Thumb Code    98  d2f.o(x$fpl$d2f)
    __aeabi_dadd                             0x0801775d   Thumb Code     0  daddsub_clz.o(x$fpl$dadd)
    _dadd                                    0x0801775d   Thumb Code   332  daddsub_clz.o(x$fpl$dadd)
    __aeabi_ddiv                             0x080178ad   Thumb Code     0  ddiv.o(x$fpl$ddiv)
    _ddiv                                    0x080178ad   Thumb Code   552  ddiv.o(x$fpl$ddiv)
    __aeabi_d2uiz                            0x08017b5d   Thumb Code     0  dfixu.o(x$fpl$dfixu)
    _dfixu                                   0x08017b5d   Thumb Code    90  dfixu.o(x$fpl$dfixu)
    __aeabi_ui2d                             0x08017bb7   Thumb Code     0  dflt_clz.o(x$fpl$dfltu)
    _dfltu                                   0x08017bb7   Thumb Code    38  dflt_clz.o(x$fpl$dfltu)
    __aeabi_dmul                             0x08017bdd   Thumb Code     0  dmul.o(x$fpl$dmul)
    _dmul                                    0x08017bdd   Thumb Code   332  dmul.o(x$fpl$dmul)
    __fpl_dnaninf                            0x08017d31   Thumb Code   156  dnaninf.o(x$fpl$dnaninf)
    __fpl_dretinf                            0x08017dcd   Thumb Code    12  dretinf.o(x$fpl$dretinf)
    __aeabi_dsub                             0x08017dd9   Thumb Code     0  daddsub_clz.o(x$fpl$dsub)
    _dsub                                    0x08017dd9   Thumb Code   464  daddsub_clz.o(x$fpl$dsub)
    __aeabi_f2d                              0x08017fad   Thumb Code     0  f2d.o(x$fpl$f2d)
    _f2d                                     0x08017fad   Thumb Code    86  f2d.o(x$fpl$f2d)
    __aeabi_fadd                             0x08018005   Thumb Code     0  faddsub_clz.o(x$fpl$fadd)
    _fadd                                    0x08018005   Thumb Code   196  faddsub_clz.o(x$fpl$fadd)
    __aeabi_fdiv                             0x080180c9   Thumb Code     0  fdiv.o(x$fpl$fdiv)
    _fdiv                                    0x080180c9   Thumb Code   384  fdiv.o(x$fpl$fdiv)
    __aeabi_f2uiz                            0x0801824d   Thumb Code     0  ffixu.o(x$fpl$ffixu)
    _ffixu                                   0x0801824d   Thumb Code    62  ffixu.o(x$fpl$ffixu)
    __aeabi_ui2f                             0x0801828d   Thumb Code     0  fflt_clz.o(x$fpl$ffltu)
    _ffltu                                   0x0801828d   Thumb Code    38  fflt_clz.o(x$fpl$ffltu)
    __aeabi_fmul                             0x080182b5   Thumb Code     0  fmul.o(x$fpl$fmul)
    _fmul                                    0x080182b5   Thumb Code   258  fmul.o(x$fpl$fmul)
    __fpl_fnaninf                            0x080183b7   Thumb Code   140  fnaninf.o(x$fpl$fnaninf)
    __fpl_fretinf                            0x08018443   Thumb Code    10  fretinf.o(x$fpl$fretinf)
    __aeabi_frsub                            0x0801844d   Thumb Code     0  faddsub_clz.o(x$fpl$frsb)
    _frsb                                    0x0801844d   Thumb Code    20  faddsub_clz.o(x$fpl$frsb)
    __aeabi_fsub                             0x08018461   Thumb Code     0  faddsub_clz.o(x$fpl$fsub)
    _fsub                                    0x08018461   Thumb Code   234  faddsub_clz.o(x$fpl$fsub)
    _printf_fp_dec                           0x0801854b   Thumb Code     4  printf1.o(x$fpl$printf1)
    __I$use$fp                               0x0801854e   Number         0  usenofp.o(x$fpl$usenofp)
    table_week                               0x08018560   Data          12  rtc.o(.constdata)
    mon_table                                0x0801856c   Data          12  rtc.o(.constdata)
    PatchSize                                0x08019c40   Data           4  radio.o(.constdata)
    LutSize                                  0x08019c44   Data           4  radio.o(.constdata)
    Frequency                                0x08019c54   Data           8  radio.o(.constdata)
    Uds_DspSessionRow123                     0x08019ca4   Data           4  uds_cfg.o(.constdata)
    Uds_DspSessionRow23                      0x08019ca8   Data           3  uds_cfg.o(.constdata)
    Uds_DspSessionRow12                      0x08019cab   Data           3  uds_cfg.o(.constdata)
    Uds_DspSessionRow13                      0x08019cae   Data           3  uds_cfg.o(.constdata)
    Uds_DspSessionRow2                       0x08019cb1   Data           2  uds_cfg.o(.constdata)
    Uds_DspSessionRow3                       0x08019cb3   Data           2  uds_cfg.o(.constdata)
    Uds_DspSecurityRow01                     0x08019cb5   Data           2  uds_cfg.o(.constdata)
    Uds_DspSecurityRow03                     0x08019cb7   Data           2  uds_cfg.o(.constdata)
    PAServiceTable                           0x08019cbc   Data         304  uds_cfg.o(.constdata)
    FAServiceTable                           0x08019dec   Data         128  uds_cfg.o(.constdata)
    gDsdStable                               0x08019e6c   Data          24  uds_cfg.o(.constdata)
    UDS                                      0x08019e84   Data          12  uds_cfg.o(.constdata)
    DTC                                      0x08019e90   Data          48  uds_cfg.o(.constdata)
    Region$$Table$$Base                      0x0801a040   Number         0  anon$$obj.o(Region$$Table)
    Region$$Table$$Limit                     0x0801a060   Number         0  anon$$obj.o(Region$$Table)
    KEY_Timer_Handle                         0x20000000   Data           4  softimers.o(.data)
    InPutScanTASK_Handler                    0x20000004   Data           4  inputscantask.o(.data)
    CARInf_write                             0x20000009   Data           1  inputscantask.o(.data)
    CARInf_read                              0x2000000a   Data           1  inputscantask.o(.data)
    wakeupTask_Handler                       0x20000018   Data           4  wakeuptask.o(.data)
    up_cnt                                   0x2000001c   Data           1  wakeuptask.o(.data)
    batter_cnt1                              0x20000022   Data           1  wakeuptask.o(.data)
    batter_cnt2                              0x20000023   Data           1  wakeuptask.o(.data)
    batter_cnt3                              0x20000024   Data           1  wakeuptask.o(.data)
    last_acc                                 0x2000002f   Data           1  wakeuptask.o(.data)
    ProcessTASK_Handler                      0x20000038   Data           4  uartexptask.o(.data)
    HT_SWITCH                                0x2000003c   Data           1  uartexptask.o(.data)
    RTC_sta                                  0x20000048   Data           1  uarttask.o(.data)
    RTC_int_cnt                              0x2000004a   Data           2  uarttask.o(.data)
    cnt1                                     0x2000004c   Data           4  uarttask.o(.data)
    uartTask_Handler                         0x20000050   Data           4  uarttask.o(.data)
    CanTask_Handler                          0x2000006c   Data           4  cantask.o(.data)
    write_ip0                                0x20000070   Data           1  cantask.o(.data)
    write_ip1                                0x20000071   Data           1  cantask.o(.data)
    read_ip0                                 0x20000072   Data           1  cantask.o(.data)
    read_ip1                                 0x20000073   Data           1  cantask.o(.data)
    busy                                     0x20000074   Data           1  cantask.o(.data)
    udsTask_Handler                          0x200000a0   Data           4  udstask.o(.data)
    StartTask_Handler                        0x200000a4   Data           4  test.o(.data)
    ack_writ_p                               0x200000a8   Data           1  uartexp.o(.data)
    ack_read_p                               0x200000a9   Data           1  uartexp.o(.data)
    lockmenu_flag                            0x20000aba   Data           1  uartexp.o(.data)
    TtimeIRQ                                 0x20000abc   Data           4  uartexp.o(.data)
    Delay_cnt                                0x20000ac0   Data           4  uartexp.o(.data)
    MPUHAERT_Cnt                             0x20000ac4   Data           1  uartexp.o(.data)
    UP_Data                                  0x20000ac8   Data        2084  uartexp.o(.data)
    LAHAERT_Cnt                              0x2000131c   Data           1  laroundexp.o(.data)
    Test_mode                                0x2000131e   Data           1  testcmd.o(.data)
    Test_KEYmode                             0x2000131f   Data           1  testcmd.o(.data)
    Test_CMDLen                              0x20001320   Data           1  testcmd.o(.data)
    Test_WriteP                              0x20001322   Data           2  testcmd.o(.data)
    Test_ReadP                               0x20001324   Data           2  testcmd.o(.data)
    TW2836_Mode                              0x2000132e   Data           1  tw2836.o(.data)
    TW2836_CMD                               0x2000132f   Data           1  tw2836.o(.data)
    TW2836_Set_mode                          0x20001330   Data           1  tw2836.o(.data)
    TW2836_Set_value                         0x20001331   Data           1  tw2836.o(.data)
    SystemCoreClock                          0x20001338   Data           4  sys.o(.data)
    Version                                  0x20001340   Data           4  information.o(.data)
    Version2                                 0x20001344   Data           4  information.o(.data)
    SYS_Config                               0x20001348   Data           4  information.o(.data)
    CAR_Set                                  0x2000134c   Data           6  information.o(.data)
    CAR_Inf                                  0x20001352   Data          16  information.o(.data)
    SYS_Inf                                  0x20001362   Data          10  information.o(.data)
    KEY_Inf                                  0x2000136c   Data           2  information.o(.data)
    LAROUND_Inf                              0x2000136e   Data           2  information.o(.data)
    START_Reason                             0x20001370   Data           1  information.o(.data)
    VOICE_Inf                                0x20001374   Data          12  information.o(.data)
    BLUE_Inf                                 0x20001380   Data          39  information.o(.data)
    PHONE_Inf                                0x200013a7   Data          76  information.o(.data)
    FACTOR_Inf                               0x200013f3   Data           1  information.o(.data)
    Signal_Control                           0x200013f4   Data           3  information.o(.data)
    RADIO_Inf                                0x200013f8   Data          44  information.o(.data)
    ContTime                                 0x20001424   Data           1  information.o(.data)
    MCU_Awak                                 0x20001425   Data           1  information.o(.data)
    Ignition_cnt                             0x20001428   Data           4  information.o(.data)
    Speed_flag                               0x2000142c   Data           2  information.o(.data)
    PowerNormal                              0x2000142e   Data           1  information.o(.data)
    PowerLow                                 0x2000142f   Data           1  information.o(.data)
    PowerHigh                                0x20001430   Data           1  information.o(.data)
    Video_sta                                0x20001431   Data           1  information.o(.data)
    __stdout                                 0x2000143c   Data           4  usart.o(.data)
    uart3write                               0x20001440   Data           2  usart.o(.data)
    uart3read                                0x20001442   Data           2  usart.o(.data)
    uart2write                               0x20001444   Data           2  usart.o(.data)
    uart2read                                0x20001446   Data           2  usart.o(.data)
    calendar                                 0x2000144c   Data          12  rtc.o(.data)
    RTC_IRQflag                              0x2000145c   Data           1  rtc.o(.data)
    get_sta                                  0x2000145d   Data           1  rtc.o(.data)
    pPatchBytes                              0x20001464   Data           4  radio.o(.data)
    pLutBytes                                0x200014dc   Data           4  radio.o(.data)
    TEST_DID_F184_Enable                     0x200014eb   Data           1  24cxx.o(.data)
    TEST_DID_F190_Enable                     0x200014ec   Data           1  24cxx.o(.data)
    TEST_DID_F1A3_Enable                     0x200014ed   Data           1  24cxx.o(.data)
    TEST_DID_3700                            0x200014ee   Data           4  24cxx.o(.data)
    TEST_DID_3700_Enable                     0x200014f2   Data           1  24cxx.o(.data)
    pxCurrentTCB                             0x200014f4   Data           4  tasks.o(.data)
    det_report_status                        0x20001564   Data           1  det.o(.data)
    mask                                     0x20001568   Data           4  uds_interface.o(.data)
    vin                                      0x2000156c   Data          17  uds_interface.o(.data)
    Software_Reference_Number                0x2000157d   Data          10  uds_interface.o(.data)
    EcuPartNumber                            0x20001587   Data           6  uds_interface.o(.data)
    SystemSupplierID                         0x2000158d   Data           6  uds_interface.o(.data)
    EcuHardwareVersionNumber                 0x20001593   Data           6  uds_interface.o(.data)
    EcuApplicationSoftwareVersionNumber      0x20001599   Data           6  uds_interface.o(.data)
    EcuCalibrationSoftwareNumber             0x2000159f   Data           6  uds_interface.o(.data)
    EcuNetReferenceNumber                    0x200015a5   Data           6  uds_interface.o(.data)
    ECUManufactureDate                       0x200015ab   Data           3  uds_interface.o(.data)
    SupplierECUSerialNumber                  0x200015ae   Data          10  uds_interface.o(.data)
    FingerprintDataIdentifier                0x200015b8   Data          14  uds_interface.o(.data)
    CalibrationDataIdentifier                0x200015c6   Data          14  uds_interface.o(.data)
    GeneralConfiguration                     0x200015d4   Data           4  uds_interface.o(.data)
    CARInf_Buff                              0x200015d8   Data          32  inputscantask.o(.bss)
    MPU2CAN                                  0x20001718   Data         384  cantask.o(.bss)
    DTC_RECORD                               0x20001898   Data          96  cantask.o(.bss)
    RX_MSG                                   0x200018f8   Data          12  cantask.o(.bss)
    TX_MSG                                   0x20001904   Data          12  cantask.o(.bss)
    ACK_Chce                                 0x20001910   Data          88  uartexp.o(.bss)
    TX_Stabuff                               0x20001968   Data         216  uartexp.o(.bss)
    LA_TX_Stabuff                            0x20001a40   Data          18  laroundexp.o(.bss)
    Test_CMDBuf                              0x20001a52   Data         512  testcmd.o(.bss)
    Test_CacheBuff                           0x20001c52   Data         256  testcmd.o(.bss)
    SendCache                                0x20001d52   Data        2066  testcmd.o(.bss)
    radio_version                            0x20002564   Data          30  information.o(.bss)
    FAULT_Inf                                0x20002582   Data          12  information.o(.bss)
    ADC_ConvertedValue                       0x2000258e   Data         128  adc.o(.bss)
    KEY_BUFF                                 0x2000260e   Data         102  adc.o(.bss)
    USART3_RX_BUF                            0x20002674   Data        1030  usart.o(.bss)
    USART2_RX_BUF                            0x20002a7a   Data         260  usart.o(.bss)
    STMFLASH_BUF                             0x20002b7e   Data        2048  stmflash.o(.bss)
    CAN_RX                                   0x20003380   Data         388  can.o(.bss)
    CAN_TX0                                  0x20003504   Data         388  can.o(.bss)
    CAN_TX1                                  0x20003688   Data         388  can.o(.bss)
    RDS_Info                                 0x2000380c   Data         266  radio.o(.bss)
    TEST_DID_F184                            0x20003916   Data          14  24cxx.o(.bss)
    TEST_DID_F190                            0x20003924   Data          17  24cxx.o(.bss)
    TEST_DID_F1A3                            0x20003935   Data          14  24cxx.o(.bss)
    eepwrite_cache                           0x20003943   Data          10  24cxx.o(.bss)
    xQueueRegistry                           0x20003950   Data          64  queue.o(.bss)
    tp                                       0x20008348   Data          40  cantp.o(.bss)
    uds                                      0x20008370   Data          48  pdu.o(.bss)
    dtc_status                               0x200085b8   Data          12  dtc.o(.bss)
    __libspace_start                         0x200085c4   Data          96  libspace.o(.bss)
    __temporary_stack_top$libspace           0x20008624   Data           0  libspace.o(.bss)



==============================================================================

Memory Map of the image

  Image Entry point : 0x0800a131

  Load Region LR_IROM1 (Base: 0x0800a000, Size: 0x00011654, Max: 0x00019000, ABSOLUTE, COMPRESSED[0x000102c0])

    Execution Region ER_IROM1 (Base: 0x0800a000, Size: 0x0001007c, Max: 0x00019000, ABSOLUTE)

    Base Addr    Size         Type   Attr      Idx    E Section Name        Object

    0x0800a000   0x00000130   Data   RO            3    RESET               startup_stm32f10x_hd.o
    0x0800a130   0x00000008   Code   RO         4645  * !!!main             c_w.l(__main.o)
    0x0800a138   0x00000034   Code   RO         4924    !!!scatter          c_w.l(__scatter.o)
    0x0800a16c   0x0000005a   Code   RO         4922    !!dczerorl2         c_w.l(__dczerorl2.o)
    0x0800a1c6   0x00000002   PAD
    0x0800a1c8   0x0000001c   Code   RO         4926    !!handler_zi        c_w.l(__scatter_zi.o)
    0x0800a1e4   0x00000000   Code   RO         4627    .ARM.Collect$$_printf_percent$$00000000  c_w.l(_printf_percent.o)
    0x0800a1e4   0x00000006   Code   RO         4626    .ARM.Collect$$_printf_percent$$00000003  c_w.l(_printf_f.o)
    0x0800a1ea   0x00000006   Code   RO         4625    .ARM.Collect$$_printf_percent$$00000009  c_w.l(_printf_d.o)
    0x0800a1f0   0x00000006   Code   RO         4624    .ARM.Collect$$_printf_percent$$0000000C  c_w.l(_printf_x.o)
    0x0800a1f6   0x00000006   Code   RO         4623    .ARM.Collect$$_printf_percent$$00000014  c_w.l(_printf_s.o)
    0x0800a1fc   0x00000004   Code   RO         4712    .ARM.Collect$$_printf_percent$$00000017  c_w.l(_printf_percent_end.o)
    0x0800a200   0x00000002   Code   RO         4853    .ARM.Collect$$libinit$$00000000  c_w.l(libinit.o)
    0x0800a202   0x00000000   Code   RO         4716    .ARM.Collect$$libinit$$00000002  c_w.l(libinit2.o)
    0x0800a202   0x00000000   Code   RO         4718    .ARM.Collect$$libinit$$00000004  c_w.l(libinit2.o)
    0x0800a202   0x00000000   Code   RO         4721    .ARM.Collect$$libinit$$0000000A  c_w.l(libinit2.o)
    0x0800a202   0x00000000   Code   RO         4723    .ARM.Collect$$libinit$$0000000C  c_w.l(libinit2.o)
    0x0800a202   0x00000000   Code   RO         4725    .ARM.Collect$$libinit$$0000000E  c_w.l(libinit2.o)
    0x0800a202   0x00000006   Code   RO         4726    .ARM.Collect$$libinit$$0000000F  c_w.l(libinit2.o)
    0x0800a208   0x00000000   Code   RO         4728    .ARM.Collect$$libinit$$00000011  c_w.l(libinit2.o)
    0x0800a208   0x00000000   Code   RO         4730    .ARM.Collect$$libinit$$00000013  c_w.l(libinit2.o)
    0x0800a208   0x00000000   Code   RO         4732    .ARM.Collect$$libinit$$00000015  c_w.l(libinit2.o)
    0x0800a208   0x0000000a   Code   RO         4733    .ARM.Collect$$libinit$$00000016  c_w.l(libinit2.o)
    0x0800a212   0x00000000   Code   RO         4734    .ARM.Collect$$libinit$$00000017  c_w.l(libinit2.o)
    0x0800a212   0x00000000   Code   RO         4736    .ARM.Collect$$libinit$$00000019  c_w.l(libinit2.o)
    0x0800a212   0x00000000   Code   RO         4738    .ARM.Collect$$libinit$$0000001B  c_w.l(libinit2.o)
    0x0800a212   0x00000000   Code   RO         4740    .ARM.Collect$$libinit$$0000001D  c_w.l(libinit2.o)
    0x0800a212   0x00000000   Code   RO         4742    .ARM.Collect$$libinit$$0000001F  c_w.l(libinit2.o)
    0x0800a212   0x00000000   Code   RO         4744    .ARM.Collect$$libinit$$00000021  c_w.l(libinit2.o)
    0x0800a212   0x00000000   Code   RO         4746    .ARM.Collect$$libinit$$00000023  c_w.l(libinit2.o)
    0x0800a212   0x00000000   Code   RO         4748    .ARM.Collect$$libinit$$00000025  c_w.l(libinit2.o)
    0x0800a212   0x00000000   Code   RO         4752    .ARM.Collect$$libinit$$0000002C  c_w.l(libinit2.o)
    0x0800a212   0x00000000   Code   RO         4754    .ARM.Collect$$libinit$$0000002E  c_w.l(libinit2.o)
    0x0800a212   0x00000000   Code   RO         4756    .ARM.Collect$$libinit$$00000030  c_w.l(libinit2.o)
    0x0800a212   0x00000000   Code   RO         4758    .ARM.Collect$$libinit$$00000032  c_w.l(libinit2.o)
    0x0800a212   0x00000002   Code   RO         4759    .ARM.Collect$$libinit$$00000033  c_w.l(libinit2.o)
    0x0800a214   0x00000002   Code   RO         4884    .ARM.Collect$$libshutdown$$00000000  c_w.l(libshutdown.o)
    0x0800a216   0x00000000   Code   RO         4891    .ARM.Collect$$libshutdown$$00000003  c_w.l(libshutdown2.o)
    0x0800a216   0x00000000   Code   RO         4894    .ARM.Collect$$libshutdown$$00000006  c_w.l(libshutdown2.o)
    0x0800a216   0x00000000   Code   RO         4897    .ARM.Collect$$libshutdown$$00000009  c_w.l(libshutdown2.o)
    0x0800a216   0x00000000   Code   RO         4899    .ARM.Collect$$libshutdown$$0000000B  c_w.l(libshutdown2.o)
    0x0800a216   0x00000000   Code   RO         4902    .ARM.Collect$$libshutdown$$0000000E  c_w.l(libshutdown2.o)
    0x0800a216   0x00000002   Code   RO         4903    .ARM.Collect$$libshutdown$$0000000F  c_w.l(libshutdown2.o)
    0x0800a218   0x00000000   Code   RO         4699    .ARM.Collect$$rtentry$$00000000  c_w.l(__rtentry.o)
    0x0800a218   0x00000000   Code   RO         4770    .ARM.Collect$$rtentry$$00000002  c_w.l(__rtentry2.o)
    0x0800a218   0x00000006   Code   RO         4782    .ARM.Collect$$rtentry$$00000004  c_w.l(__rtentry4.o)
    0x0800a21e   0x00000000   Code   RO         4772    .ARM.Collect$$rtentry$$00000009  c_w.l(__rtentry2.o)
    0x0800a21e   0x00000004   Code   RO         4773    .ARM.Collect$$rtentry$$0000000A  c_w.l(__rtentry2.o)
    0x0800a222   0x00000000   Code   RO         4775    .ARM.Collect$$rtentry$$0000000C  c_w.l(__rtentry2.o)
    0x0800a222   0x00000008   Code   RO         4776    .ARM.Collect$$rtentry$$0000000D  c_w.l(__rtentry2.o)
    0x0800a22a   0x00000002   Code   RO         4856    .ARM.Collect$$rtexit$$00000000  c_w.l(rtexit.o)
    0x0800a22c   0x00000000   Code   RO         4866    .ARM.Collect$$rtexit$$00000002  c_w.l(rtexit2.o)
    0x0800a22c   0x00000004   Code   RO         4867    .ARM.Collect$$rtexit$$00000003  c_w.l(rtexit2.o)
    0x0800a230   0x00000006   Code   RO         4868    .ARM.Collect$$rtexit$$00000004  c_w.l(rtexit2.o)
    0x0800a236   0x00000002   PAD
    0x0800a238   0x00000096   Code   RO         3716    .emb_text           port.o
    0x0800a2ce   0x00000002   PAD
    0x0800a2d0   0x00000034   Code   RO            4    .text               startup_stm32f10x_hd.o
    0x0800a304   0x00000002   Code   RO         4564    .text               c_w.l(use_no_semi_2.o)
    0x0800a306   0x00000002   PAD
    0x0800a308   0x00000018   Code   RO         4570    .text               c_w.l(noretval__2printf.o)
    0x0800a320   0x00000028   Code   RO         4572    .text               c_w.l(noretval__2sprintf.o)
    0x0800a348   0x0000004e   Code   RO         4576    .text               c_w.l(_printf_pad.o)
    0x0800a396   0x00000052   Code   RO         4578    .text               c_w.l(_printf_str.o)
    0x0800a3e8   0x00000078   Code   RO         4580    .text               c_w.l(_printf_dec.o)
    0x0800a460   0x00000058   Code   RO         4585    .text               c_w.l(_printf_hex_int.o)
    0x0800a4b8   0x00000138   Code   RO         4615    .text               c_w.l(__printf_flags_wp.o)
    0x0800a5f0   0x0000003e   Code   RO         4633    .text               c_w.l(strlen.o)
    0x0800a62e   0x0000008a   Code   RO         4635    .text               c_w.l(rt_memcpy_v6.o)
    0x0800a6b8   0x00000064   Code   RO         4637    .text               c_w.l(rt_memcpy_w.o)
    0x0800a71c   0x00000010   Code   RO         4639    .text               c_w.l(aeabi_memset.o)
    0x0800a72c   0x0000004e   Code   RO         4641    .text               c_w.l(rt_memclr_w.o)
    0x0800a77a   0x00000006   Code   RO         4643    .text               c_w.l(heapauxi.o)
    0x0800a780   0x00000002   Code   RO         4697    .text               c_w.l(use_no_semi.o)
    0x0800a782   0x000000b2   Code   RO         4700    .text               c_w.l(_printf_intcommon.o)
    0x0800a834   0x0000041a   Code   RO         4702    .text               c_w.l(_printf_fp_dec.o)
    0x0800ac4e   0x00000002   PAD
    0x0800ac50   0x00000030   Code   RO         4704    .text               c_w.l(_printf_char_common.o)
    0x0800ac80   0x0000000a   Code   RO         4706    .text               c_w.l(_sputc.o)
    0x0800ac8a   0x0000002c   Code   RO         4708    .text               c_w.l(_printf_char.o)
    0x0800acb6   0x00000002   PAD
    0x0800acb8   0x00000024   Code   RO         4710    .text               c_w.l(_printf_char_file.o)
    0x0800acdc   0x00000044   Code   RO         4713    .text               c_w.l(rt_memclr.o)
    0x0800ad20   0x00000008   Code   RO         4787    .text               c_w.l(rt_locale_intlibspace.o)
    0x0800ad28   0x0000008a   Code   RO         4789    .text               c_w.l(lludiv10.o)
    0x0800adb2   0x00000002   PAD
    0x0800adb4   0x00000080   Code   RO         4791    .text               c_w.l(_printf_fp_infnan.o)
    0x0800ae34   0x000000dc   Code   RO         4795    .text               c_w.l(bigflt0.o)
    0x0800af10   0x00000008   Code   RO         4820    .text               c_w.l(ferror.o)
    0x0800af18   0x00000008   Code   RO         4835    .text               c_w.l(libspace.o)
    0x0800af20   0x0000004a   Code   RO         4838    .text               c_w.l(sys_stackheap_outer.o)
    0x0800af6a   0x0000000c   Code   RO         4840    .text               c_w.l(exit.o)
    0x0800af76   0x00000002   PAD
    0x0800af78   0x00000080   Code   RO         4842    .text               c_w.l(strcmpv7m.o)
    0x0800aff8   0x0000003e   Code   RO         4798    CL$$btod_d2e        c_w.l(btod.o)
    0x0800b036   0x00000046   Code   RO         4800    CL$$btod_d2e_denorm_low  c_w.l(btod.o)
    0x0800b07c   0x00000060   Code   RO         4799    CL$$btod_d2e_norm_op1  c_w.l(btod.o)
    0x0800b0dc   0x00000338   Code   RO         4808    CL$$btod_div_common  c_w.l(btod.o)
    0x0800b414   0x000000c6   Code   RO         4805    CL$$btod_e2e        c_w.l(btod.o)
    0x0800b4da   0x00000028   Code   RO         4802    CL$$btod_ediv       c_w.l(btod.o)
    0x0800b502   0x00000028   Code   RO         4801    CL$$btod_emul       c_w.l(btod.o)
    0x0800b52a   0x00000244   Code   RO         4807    CL$$btod_mult_common  c_w.l(btod.o)
    0x0800b76e   0x00000002   PAD
    0x0800b770   0x00000058   Code   RO         2184    i.ACCEXT_Init       exti.o
    0x0800b7c8   0x00000014   Code   RO          678    i.ACK_Clear         uartexp.o
    0x0800b7dc   0x0000007a   Code   RO          679    i.ACK_Load          uartexp.o
    0x0800b856   0x000001b2   Code   RO          680    i.ACK_Process       uartexp.o
    0x0800ba08   0x00000058   Code   RO          681    i.ACK_READ          uartexp.o
    0x0800ba60   0x00000070   Code   RO          682    i.ACK_Write         uartexp.o
    0x0800bad0   0x000000b8   Code   RO         1865    i.ADC_RegularChannelConfig  adc.o
    0x0800bb88   0x00000038   Code   RO          451    i.APP2CAN_Write     cantask.o
    0x0800bbc0   0x00000036   Code   RO          142    i.APP_INT           app.o
    0x0800bbf6   0x00000046   Code   RO         2683    i.AT24CXX_Check     24cxx.o
    0x0800bc3c   0x00000058   Code   RO         2686    i.AT24CXX_ReadOneByte  24cxx.o
    0x0800bc94   0x00000050   Code   RO         2688    i.AT24CXX_WriteOneByte  24cxx.o
    0x0800bce4   0x00000254   Code   RO         1866    i.Adc_Init          adc.o
    0x0800bf38   0x00000060   Code   RO         1835    i.Astern_Ctrl       output.o
    0x0800bf98   0x000000c0   Code   RO          453    i.BUS_OFF2          cantask.o
    0x0800c058   0x00000034   Code   RO         3928    i.Buffer_Init       pdu.o
    0x0800c08c   0x0000000c   Code   RO         2689    i.CAL_3700_CONF_WRITE  24cxx.o
    0x0800c098   0x0000000c   Code   RO         2690    i.CAL_F184_CONF_WRITE  24cxx.o
    0x0800c0a4   0x0000000c   Code   RO         2691    i.CAL_F190_CONF_WRITE  24cxx.o
    0x0800c0b0   0x0000000c   Code   RO         2692    i.CAL_F1A3_CONF_WRITE  24cxx.o
    0x0800c0bc   0x0000005c   Code   RO         2220    i.CAN1_SCE_IRQHandler  can.o
    0x0800c118   0x000002b4   Code   RO          454    i.CAN_EXP           cantask.o
    0x0800c3cc   0x0000029c   Code   RO         2221    i.CAN_Mode_Init     can.o
    0x0800c668   0x00000010   Code   RO         2223    i.CAN_RXclean       can.o
    0x0800c678   0x000000d8   Code   RO         2225    i.CAN_Rx_Msg        can.o
    0x0800c750   0x00000028   Code   RO         2226    i.CAN_SENGSTOP      can.o
    0x0800c778   0x00000090   Code   RO         2227    i.CAN_Send_Msg      can.o
    0x0800c808   0x000000f0   Code   RO         2228    i.CAN_Tx_Msg        can.o
    0x0800c8f8   0x00000084   Code   RO         2229    i.CAN_Tx_Staus      can.o
    0x0800c97c   0x00000248   Code   RO          212    i.CARInf_Process    inputscantask.o
    0x0800cbc4   0x00000010   Code   RO          683    i.CMD_0000          uartexp.o
    0x0800cbd4   0x00000024   Code   RO          684    i.CMD_0003          uartexp.o
    0x0800cbf8   0x00000054   Code   RO          685    i.CMD_0006          uartexp.o
    0x0800cc4c   0x0000003c   Code   RO          686    i.CMD_0101          uartexp.o
    0x0800cc88   0x00000050   Code   RO          687    i.CMD_0104          uartexp.o
    0x0800ccd8   0x00000054   Code   RO          688    i.CMD_0105          uartexp.o
    0x0800cd2c   0x00000050   Code   RO          689    i.CMD_0107          uartexp.o
    0x0800cd7c   0x000000ec   Code   RO          690    i.CMD_0202          uartexp.o
    0x0800ce68   0x00000094   Code   RO          691    i.CMD_0301          uartexp.o
    0x0800cefc   0x00000080   Code   RO          692    i.CMD_0302          uartexp.o
    0x0800cf7c   0x0000007c   Code   RO          693    i.CMD_0303          uartexp.o
    0x0800cff8   0x00000038   Code   RO          694    i.CMD_0401          uartexp.o
    0x0800d030   0x00000070   Code   RO          695    i.CMD_0402          uartexp.o
    0x0800d0a0   0x000000bc   Code   RO          696    i.CMD_0403          uartexp.o
    0x0800d15c   0x00000078   Code   RO          697    i.CMD_0500          uartexp.o
    0x0800d1d4   0x000001c4   Code   RO          698    i.CMD_0501          uartexp.o
    0x0800d398   0x00000050   Code   RO          699    i.CMD_0600          uartexp.o
    0x0800d3e8   0x00000038   Code   RO          700    i.CMD_0610          uartexp.o
    0x0800d420   0x00000074   Code   RO          701    i.CMD_0620          uartexp.o
    0x0800d494   0x00000056   Code   RO          702    i.CMD_0630          uartexp.o
    0x0800d4ea   0x00000058   Code   RO          703    i.CMD_0640          uartexp.o
    0x0800d542   0x00000056   Code   RO          704    i.CMD_0650          uartexp.o
    0x0800d598   0x0000004c   Code   RO          705    i.CMD_0670          uartexp.o
    0x0800d5e4   0x00000010   Code   RO          706    i.CMD_0680          uartexp.o
    0x0800d5f4   0x000000e0   Code   RO          707    i.CMD_8000          uartexp.o
    0x0800d6d4   0x00000024   Code   RO          708    i.CMD_8003          uartexp.o
    0x0800d6f8   0x00000044   Code   RO          709    i.CMD_8005          uartexp.o
    0x0800d73c   0x00000020   Code   RO          711    i.CMD_800A          uartexp.o
    0x0800d75c   0x00000012   Code   RO          712    i.CMD_8100          uartexp.o
    0x0800d76e   0x00000002   PAD
    0x0800d770   0x00000034   Code   RO          713    i.CMD_8101          uartexp.o
    0x0800d7a4   0x00000034   Code   RO          714    i.CMD_8102          uartexp.o
    0x0800d7d8   0x00000034   Code   RO          715    i.CMD_8103          uartexp.o
    0x0800d80c   0x00000020   Code   RO          716    i.CMD_8104          uartexp.o
    0x0800d82c   0x00000020   Code   RO          717    i.CMD_8105          uartexp.o
    0x0800d84c   0x00000074   Code   RO          719    i.CMD_8108          uartexp.o
    0x0800d8c0   0x00000020   Code   RO          720    i.CMD_810A          uartexp.o
    0x0800d8e0   0x00000048   Code   RO          721    i.CMD_8200          uartexp.o
    0x0800d928   0x00000060   Code   RO          722    i.CMD_8201          uartexp.o
    0x0800d988   0x000000fc   Code   RO          723    i.CMD_8301          uartexp.o
    0x0800da84   0x00000010   Code   RO          725    i.CMD_8501          uartexp.o
    0x0800da94   0x0000004c   Code   RO          726    i.CMD_8502          uartexp.o
    0x0800dae0   0x00000050   Code   RO          727    i.CMD_8503          uartexp.o
    0x0800db30   0x00000020   Code   RO          728    i.CMD_8600          uartexp.o
    0x0800db50   0x00000020   Code   RO          729    i.CMD_8610          uartexp.o
    0x0800db70   0x0000002c   Code   RO          730    i.CMD_8621          uartexp.o
    0x0800db9c   0x0000002c   Code   RO          731    i.CMD_8622          uartexp.o
    0x0800dbc8   0x0000002c   Code   RO          732    i.CMD_8623          uartexp.o
    0x0800dbf4   0x00000038   Code   RO          733    i.CMD_8630          uartexp.o
    0x0800dc2c   0x00000064   Code   RO          734    i.CMD_8631          uartexp.o
    0x0800dc90   0x0000003c   Code   RO          735    i.CMD_8640          uartexp.o
    0x0800dccc   0x00000038   Code   RO          736    i.CMD_8650          uartexp.o
    0x0800dd04   0x00000064   Code   RO          737    i.CMD_8651          uartexp.o
    0x0800dd68   0x00000074   Code   RO          738    i.CMD_8660          uartexp.o
    0x0800dddc   0x00000068   Code   RO          739    i.CMD_8661          uartexp.o
    0x0800de44   0x0000004c   Code   RO          740    i.CMD_8670          uartexp.o
    0x0800de90   0x00000024   Code   RO          741    i.CMD_8680          uartexp.o
    0x0800deb4   0x00000048   Code   RO         3837    i.CanIf_Received    uds_can_driver.o
    0x0800defc   0x00000044   Code   RO         3838    i.CanIf_Transmit    uds_can_driver.o
    0x0800df40   0x00000002   Code   RO         3839    i.CanIf_TxConfirm   uds_can_driver.o
    0x0800df42   0x00000008   Code   RO         3840    i.CanIf_TxIndication  uds_can_driver.o
    0x0800df4a   0x0000004a   Code   RO          742    i.CanPro_explain    uartexp.o
    0x0800df94   0x00000030   Code   RO          455    i.CanTASK_Create    cantask.o
    0x0800dfc4   0x0000001c   Code   RO         3879    i.CanTp_Init        cantp.o
    0x0800dfe0   0x00000088   Code   RO         3880    i.CanTp_MainTask    cantp.o
    0x0800e068   0x000003b8   Code   RO         3881    i.CanTp_Process     cantp.o
    0x0800e420   0x00000020   Code   RO         3882    i.CanTp_Transmit    cantp.o
    0x0800e440   0x000001d0   Code   RO         3883    i.CanTp_TxConfirmation  cantp.o
    0x0800e610   0x00000044   Code   RO         2230    i.Can_Get_RXMsg     can.o
    0x0800e654   0x00000088   Code   RO         2231    i.Can_Get_TXMsg     can.o
    0x0800e6dc   0x0000024c   Code   RO          456    i.Can_Process       cantask.o
    0x0800e928   0x00000054   Code   RO         2232    i.Can_Write_RXMsg   can.o
    0x0800e97c   0x00000068   Code   RO         2233    i.Can_Write_TXMsg   can.o
    0x0800e9e4   0x00000024   Code   RO          457    i.CarSet_Get1       cantask.o
    0x0800ea08   0x0000004c   Code   RO          458    i.CarSet_Get2       cantask.o
    0x0800ea54   0x00000028   Code   RO          459    i.CarSet_Get3       cantask.o
    0x0800ea7c   0x00000028   Code   RO          460    i.CarSet_Get4       cantask.o
    0x0800eaa4   0x00000006   Code   RO          461    i.CarSet_Get5       cantask.o
    0x0800eaaa   0x00000046   Code   RO          743    i.CarSet_explain    uartexp.o
    0x0800eaf0   0x00000014   Code   RO          744    i.Check_TXSTA       uartexp.o
    0x0800eb04   0x00000018   Code   RO         4243    i.CommunicationType_Disable_Rx_Tx  uds_interface.o
    0x0800eb1c   0x00000018   Code   RO         4244    i.CommunicationType_Enable_Rx_Disable_Tx  uds_interface.o
    0x0800eb34   0x00000018   Code   RO         4245    i.CommunicationType_Enable_Rx_Tx  uds_interface.o
    0x0800eb4c   0x00000016   Code   RO         4247    i.ComputeKey        uds_interface.o
    0x0800eb62   0x00000002   PAD
    0x0800eb64   0x00000030   Code   RO         4248    i.ComputeKey1       uds_interface.o
    0x0800eb94   0x000003ec   Code   RO          397    i.DEBUG_Printf      uarttask.o
    0x0800ef80   0x00000064   Code   RO         4249    i.DID_VersionSet    uds_interface.o
    0x0800efe4   0x00000058   Code   RO         2234    i.DINT_CAN          can.o
    0x0800f03c   0x00000064   Code   RO         2774    i.DMA_Config        dma.o
    0x0800f0a0   0x00000018   Code   RO         2775    i.DMA_Enable        dma.o
    0x0800f0b8   0x0000000c   Code   RO         4151    i.DTC_Clean         dtc.o
    0x0800f0c4   0x0000001c   Code   RO          462    i.DTC_Happen        cantask.o
    0x0800f0e0   0x00000044   Code   RO          463    i.DTC_process       cantask.o
    0x0800f124   0x000000c0   Code   RO         2693    i.Data_Save         24cxx.o
    0x0800f1e4   0x00000078   Code   RO         2694    i.Data_read         24cxx.o
    0x0800f25c   0x00000048   Code   RO         4219    i.Det_Report        det.o
    0x0800f2a4   0x00000030   Code   RO         3929    i.DslInternal_Forward2Dsd  pdu.o
    0x0800f2d4   0x00000026   Code   RO         1260    i.EEPROM_Check      testcmd.o
    0x0800f2fa   0x00000002   PAD
    0x0800f2fc   0x00000010   Code   RO         2185    i.EXTI15_10_IRQHandler  exti.o
    0x0800f30c   0x0000000c   Code   RO         2186    i.EXTI9_5_IRQHandler  exti.o
    0x0800f318   0x00000060   Code   RO         2187    i.EXTIX_Init        exti.o
    0x0800f378   0x000000a0   Code   RO         1641    i.Ex_NVIC_Config    sys.o
    0x0800f418   0x00000130   Code   RO          464    i.FAULT_Process     cantask.o
    0x0800f548   0x00000068   Code   RO          745    i.FnCheckSun_load   uartexp.o
    0x0800f5b0   0x00000008   Code   RO         3930    i.GetRxBuffer       pdu.o
    0x0800f5b8   0x00000008   Code   RO         3931    i.GetTxBuffer       pdu.o
    0x0800f5c0   0x0000003c   Code   RO         2405    i.I2C2_ReadData     i2c.o
    0x0800f5fc   0x00000044   Code   RO         2406    i.I2C2_WriteData    i2c.o
    0x0800f640   0x00000022   Code   RO         2109    i.IAP_write         stmflash.o
    0x0800f662   0x00000002   PAD
    0x0800f664   0x00000050   Code   RO         2407    i.IIC1_Ack          i2c.o
    0x0800f6b4   0x0000002c   Code   RO         2408    i.IIC1_Init         i2c.o
    0x0800f6e0   0x00000050   Code   RO         2409    i.IIC1_NAck         i2c.o
    0x0800f730   0x00000070   Code   RO         2410    i.IIC1_Read_Byte    i2c.o
    0x0800f7a0   0x00000068   Code   RO         2411    i.IIC1_Send_Byte    i2c.o
    0x0800f808   0x0000004c   Code   RO         2412    i.IIC1_Start        i2c.o
    0x0800f854   0x0000004c   Code   RO         2413    i.IIC1_Stop         i2c.o
    0x0800f8a0   0x00000064   Code   RO         2414    i.IIC1_Wait_Ack     i2c.o
    0x0800f904   0x00000050   Code   RO         2415    i.IIC2_Ack          i2c.o
    0x0800f954   0x0000003c   Code   RO         2416    i.IIC2_Init         i2c.o
    0x0800f990   0x00000050   Code   RO         2417    i.IIC2_NAck         i2c.o
    0x0800f9e0   0x00000080   Code   RO         2418    i.IIC2_Read_Byte    i2c.o
    0x0800fa60   0x00000068   Code   RO         2419    i.IIC2_Send_Byte    i2c.o
    0x0800fac8   0x0000004c   Code   RO         2420    i.IIC2_Start        i2c.o
    0x0800fb14   0x0000004c   Code   RO         2421    i.IIC2_Stop         i2c.o
    0x0800fb60   0x00000074   Code   RO         2422    i.IIC2_Wait_Ack     i2c.o
    0x0800fbd4   0x00000020   Code   RO         1645    i.IWDG_Init         sys.o
    0x0800fbf4   0x0000001a   Code   RO          213    i.InPutProcess      inputscantask.o
    0x0800fc0e   0x00000002   PAD
    0x0800fc10   0x00000034   Code   RO          214    i.InPutScanTASK_Create  inputscantask.o
    0x0800fc44   0x0000000e   Code   RO          215    i.InPutScan_task    inputscantask.o
    0x0800fc52   0x00000002   PAD
    0x0800fc54   0x00000050   Code   RO         1816    i.InPut_Init        input.o
    0x0800fca4   0x000000a4   Code   RO         1817    i.InPut_Scan        input.o
    0x0800fd48   0x0000008c   Code   RO          746    i.Info_explain      uartexp.o
    0x0800fdd4   0x00000018   Code   RO         3932    i.InitRxBuffer      pdu.o
    0x0800fdec   0x00000018   Code   RO         3933    i.InitTxBuffer      pdu.o
    0x0800fe04   0x0000003a   Code   RO         2327    i.Is_Leap_Year      rtc.o
    0x0800fe3e   0x00000002   PAD
    0x0800fe40   0x00000030   Code   RO         1646    i.JTAG_Set          sys.o
    0x0800fe70   0x0000000a   Code   RO           10    i.KEYCallback       softimers.o
    0x0800fe7a   0x00000002   PAD
    0x0800fe7c   0x0000006c   Code   RO          465    i.KEYSTS_Get        cantask.o
    0x0800fee8   0x000000c0   Code   RO         1870    i.KEY_Get           adc.o
    0x0800ffa8   0x0000004c   Code   RO          747    i.KEY_Process       uartexp.o
    0x0800fff4   0x00000042   Code   RO         1871    i.KEY_SCAN          adc.o
    0x08010036   0x00000002   PAD
    0x08010038   0x00000044   Code   RO         1176    i.LA_ACK_Load       laroundexp.o
    0x0801007c   0x00000048   Code   RO         1177    i.LA_ACK_Process    laroundexp.o
    0x080100c4   0x0000002c   Code   RO         1178    i.LA_CMD_00         laroundexp.o
    0x080100f0   0x0000000e   Code   RO         1179    i.LA_CMD_03         laroundexp.o
    0x080100fe   0x00000002   PAD
    0x08010100   0x00000054   Code   RO         1180    i.LA_CMD_81         laroundexp.o
    0x08010154   0x0000001c   Code   RO         1181    i.LA_CMD_82         laroundexp.o
    0x08010170   0x0000001c   Code   RO         1182    i.LA_CMD_83         laroundexp.o
    0x0801018c   0x0000004c   Code   RO         1183    i.LA_CheckSun_load  laroundexp.o
    0x080101d8   0x0000012c   Code   RO         1184    i.LA_TX_Process     laroundexp.o
    0x08010304   0x00000068   Code   RO         1185    i.LA_TX_TaskADD     laroundexp.o
    0x0801036c   0x00000044   Code   RO         1186    i.LA_TX_TaskCancel  laroundexp.o
    0x080103b0   0x00000124   Code   RO         1187    i.LA_UART_explain   laroundexp.o
    0x080104d4   0x00000020   Code   RO          292    i.LowPow_warn       wakeuptask.o
    0x080104f4   0x00000068   Code   RO          466    i.MPU2CAN_Process   cantask.o
    0x0801055c   0x0000009c   Code   RO          467    i.MPU2CAN_Read      cantask.o
    0x080105f8   0x00000038   Code   RO          468    i.MPU2CAN_Write     cantask.o
    0x08010630   0x00000068   Code   RO         1647    i.MYRCC_DeInit      sys.o
    0x08010698   0x00000078   Code   RO         1648    i.MY_NVIC_Init      sys.o
    0x08010710   0x00000028   Code   RO         1649    i.MY_NVIC_PriorityGroupConfig  sys.o
    0x08010738   0x00000014   Code   RO         1650    i.MY_NVIC_SetVectorTable  sys.o
    0x0801074c   0x00000054   Code   RO         1836    i.OUT_DISABLE       output.o
    0x080107a0   0x00000038   Code   RO         1837    i.OUT_ENABLE        output.o
    0x080107d8   0x000000ac   Code   RO         1838    i.OutPut_Init       output.o
    0x08010884   0x00000228   Code   RO          216    i.POWER_GET         inputscantask.o
    0x08010aac   0x0000001c   Code   RO          469    i.Power_Get         cantask.o
    0x08010ac8   0x00000034   Code   RO          371    i.ProcessTASK_Create  uartexptask.o
    0x08010afc   0x000000d0   Code   RO          372    i.Process_task      uartexptask.o
    0x08010bcc   0x00000098   Code   RO         1651    i.RCC_HSEConfig     sys.o
    0x08010c64   0x00000018   Code   RO         2524    i.RDS_Clean         radio.o
    0x08010c7c   0x00000120   Code   RO         2329    i.RTC_Get           rtc.o
    0x08010d9c   0x00000078   Code   RO         2330    i.RTC_Get_Week      rtc.o
    0x08010e14   0x0000003c   Code   RO         2331    i.RTC_IRQHandler    rtc.o
    0x08010e50   0x00000168   Code   RO         2334    i.RTC_Init4         rtc.o
    0x08010fb8   0x0000001c   Code   RO          217    i.RTC_Process       inputscantask.o
    0x08010fd4   0x0000011c   Code   RO         2335    i.RTC_Set           rtc.o
    0x080110f0   0x0000004c   Code   RO         2336    i.RTCcn_Get         rtc.o
    0x0801113c   0x00000224   Code   RO         2525    i.Radio_Process     radio.o
    0x08011360   0x0000004a   Code   RO          748    i.Radio_explain     uartexp.o
    0x080113aa   0x00000006   Code   RO         1872    i.Read_KEY          adc.o
    0x080113b0   0x00000054   Code   RO          218    i.Read_car          inputscantask.o
    0x08011404   0x00000048   Code   RO         1261    i.Read_sendcache    testcmd.o
    0x0801144c   0x00000118   Code   RO          294    i.Rest_MPU          wakeuptask.o
    0x08011564   0x0000004c   Code   RO         2110    i.STMFLASH_ErasePage  stmflash.o
    0x080115b0   0x0000002c   Code   RO         2111    i.STMFLASH_GetStatus  stmflash.o
    0x080115dc   0x00000014   Code   RO         2112    i.STMFLASH_Lock     stmflash.o
    0x080115f0   0x00000022   Code   RO         2113    i.STMFLASH_Read     stmflash.o
    0x08011612   0x00000006   Code   RO         2114    i.STMFLASH_ReadHalfWord  stmflash.o
    0x08011618   0x00000018   Code   RO         2115    i.STMFLASH_Unlock   stmflash.o
    0x08011630   0x0000002a   Code   RO         2116    i.STMFLASH_WaitDone  stmflash.o
    0x0801165a   0x00000002   PAD
    0x0801165c   0x000000e8   Code   RO         2117    i.STMFLASH_Write    stmflash.o
    0x08011744   0x00000040   Code   RO         2118    i.STMFLASH_WriteHalfWord  stmflash.o
    0x08011784   0x00000026   Code   RO         2119    i.STMFLASH_Write_NoCheck  stmflash.o
    0x080117aa   0x00000002   PAD
    0x080117ac   0x00000050   Code   RO          295    i.SYS_Dormancy      wakeuptask.o
    0x080117fc   0x000001e4   Code   RO          296    i.SYS_Process       wakeuptask.o
    0x080119e0   0x00000268   Code   RO          297    i.SYS_Work          wakeuptask.o
    0x08011c48   0x0000003c   Code   RO         4153    i.SaveCurrentDtc    dtc.o
    0x08011c84   0x00000002   Code   RO         4154    i.SaveEeprom        dtc.o
    0x08011c86   0x00000002   PAD
    0x08011c88   0x00000038   Code   RO         4155    i.SaveHistoryDtc    dtc.o
    0x08011cc0   0x00000002   Code   RO         4156    i.SaveSnapshot      dtc.o
    0x08011cc2   0x00000002   PAD
    0x08011cc4   0x00000054   Code   RO          470    i.Speed_Get         cantask.o
    0x08011d18   0x0000005a   Code   RO          749    i.Start_explain     uartexp.o
    0x08011d72   0x00000002   PAD
    0x08011d74   0x00000090   Code   RO         1652    i.Stm32_Clock_Init  sys.o
    0x08011e04   0x00000010   Code   RO         1752    i.SysTick_Handler   delay.o
    0x08011e14   0x00000010   Code   RO         1653    i.Sys_Soft_Reset    sys.o
    0x08011e24   0x00000038   Code   RO         1655    i.Sys_Stopby        sys.o
    0x08011e5c   0x000000a0   Code   RO         2526    i.TEF6686_AMSeek    radio.o
    0x08011efc   0x000000c8   Code   RO         2527    i.TEF6686_FMSeek    radio.o
    0x08011fc4   0x00000080   Code   RO         2528    i.TEF6686_FRQSet    radio.o
    0x08012044   0x00000050   Code   RO         2530    i.TEF6686_Mute      radio.o
    0x08012094   0x000001b4   Code   RO         2532    i.TEF6686_Scan      radio.o
    0x08012248   0x00000144   Code   RO         2533    i.TEF6686_Start     radio.o
    0x0801238c   0x00000024   Code   RO         2534    i.TEF6686_TuneTo    radio.o
    0x080123b0   0x0000004c   Code   RO         2537    i.TEF6886_GetSta    radio.o
    0x080123fc   0x00000018   Code   RO         2056    i.TIM2_IRQHandler   timer.o
    0x08012414   0x00000018   Code   RO         2058    i.TIM3_IRQHandler   timer.o
    0x0801242c   0x00000018   Code   RO         2061    i.TIM4_IRQHandler   timer.o
    0x08012444   0x00000024   Code   RO         1498    i.TW2836_Adjust     tw2836.o
    0x08012468   0x00000180   Code   RO          471    i.TX_BLUEinfo       cantask.o
    0x080125e8   0x0000026c   Code   RO          472    i.TX_PHONEinfo      cantask.o
    0x08012854   0x00000150   Code   RO          750    i.TX_Process        uartexp.o
    0x080129a4   0x00000074   Code   RO          473    i.TX_RTCtime        cantask.o
    0x08012a18   0x000000e8   Code   RO          751    i.TX_TaskADD        uartexp.o
    0x08012b00   0x00000044   Code   RO          752    i.TX_TaskCancel     uartexp.o
    0x08012b44   0x00000088   Code   RO          474    i.TX_Vsorce         cantask.o
    0x08012bcc   0x000000d8   Code   RO         1262    i.Test_CMD00        testcmd.o
    0x08012ca4   0x0000003c   Code   RO         1263    i.Test_CMD00_source  testcmd.o
    0x08012ce0   0x00000040   Code   RO         1264    i.Test_CMD01        testcmd.o
    0x08012d20   0x000000b4   Code   RO         1265    i.Test_CMD02        testcmd.o
    0x08012dd4   0x0000004c   Code   RO         1266    i.Test_CMD03        testcmd.o
    0x08012e20   0x00000058   Code   RO         1267    i.Test_CMD04        testcmd.o
    0x08012e78   0x00000054   Code   RO         1268    i.Test_CMD07        testcmd.o
    0x08012ecc   0x00000050   Code   RO         1269    i.Test_CMD08        testcmd.o
    0x08012f1c   0x00000088   Code   RO         1270    i.Test_CMD09        testcmd.o
    0x08012fa4   0x0000003c   Code   RO         1271    i.Test_CMD0A        testcmd.o
    0x08012fe0   0x00000050   Code   RO         1272    i.Test_CMD0B        testcmd.o
    0x08013030   0x00000038   Code   RO         1273    i.Test_CMD0C        testcmd.o
    0x08013068   0x0000003c   Code   RO         1274    i.Test_CMD0D        testcmd.o
    0x080130a4   0x00000034   Code   RO         1275    i.Test_CMDFC        testcmd.o
    0x080130d8   0x00000114   Code   RO         1276    i.Test_CMDProcess   testcmd.o
    0x080131ec   0x000000bc   Code   RO         1278    i.Test_CmdGet       testcmd.o
    0x080132a8   0x00000054   Code   RO         1279    i.Test_CmdSend      testcmd.o
    0x080132fc   0x000000c0   Code   RO         1280    i.Test_RadioCtrl    testcmd.o
    0x080133bc   0x0000000c   Code   RO         1281    i.Test_Receivebyte  testcmd.o
    0x080133c8   0x0000001c   Code   RO         1282    i.Test_Sendbyte     testcmd.o
    0x080133e4   0x00000044   Code   RO         1283    i.Test_SunCheck     testcmd.o
    0x08013428   0x0000003c   Code   RO         1284    i.Test_inquirtfrq   testcmd.o
    0x08013464   0x00000048   Code   RO         1285    i.Test_keysend      testcmd.o
    0x080134ac   0x0000003c   Code   RO         1286    i.Test_pc2mpu       testcmd.o
    0x080134e8   0x00000044   Code   RO         1287    i.Test_read_buf     testcmd.o
    0x0801352c   0x0000003c   Code   RO         1288    i.Test_respond      testcmd.o
    0x08013568   0x0000001e   Code   RO         1289    i.Test_sendProcess  testcmd.o
    0x08013586   0x00000002   PAD
    0x08013588   0x00000050   Code   RO         1290    i.Test_sendfrqcover  testcmd.o
    0x080135d8   0x00000050   Code   RO         1291    i.Test_wrie_buf     testcmd.o
    0x08013628   0x00000074   Code   RO         1753    i.Tick_init         delay.o
    0x0801369c   0x00000058   Code   RO           11    i.TimersCreate      softimers.o
    0x080136f4   0x00000094   Code   RO          475    i.TurnLight_Get     cantask.o
    0x08013788   0x00000200   Code   RO          753    i.UART_explain      uartexp.o
    0x08013988   0x00000020   Code   RO         1957    i.USART1_IRQHandler  usart.o
    0x080139a8   0x000000a8   Code   RO         1958    i.USART2_IRQHandler  usart.o
    0x08013a50   0x00000044   Code   RO         1959    i.USART3_IRQHandler  usart.o
    0x08013a94   0x00000040   Code   RO         2235    i.USB_LP_CAN1_RX0_IRQHandler  can.o
    0x08013ad4   0x00000034   Code   RO         1961    i.Uart2_TxBuff      usart.o
    0x08013b08   0x00000034   Code   RO         1962    i.Uart3_TxBuff      usart.o
    0x08013b3c   0x0000003c   Code   RO         3934    i.UdsInternal_CheckSessionTimeout  pdu.o
    0x08013b78   0x00000084   Code   RO         3936    i.UdsInternal_ClearDiagnosticInformation  pdu.o
    0x08013bfc   0x00000094   Code   RO         3937    i.UdsInternal_CommunicationControl  pdu.o
    0x08013c90   0x00000088   Code   RO         3938    i.UdsInternal_ControlDTCSetting  pdu.o
    0x08013d18   0x00000100   Code   RO         3939    i.UdsInternal_DiagnosticSessionControl  pdu.o
    0x08013e18   0x00000092   Code   RO         3940    i.UdsInternal_ECUReset  pdu.o
    0x08013eaa   0x00000002   PAD
    0x08013eac   0x0000005c   Code   RO         3941    i.UdsInternal_Forward2Dsp  pdu.o
    0x08013f08   0x00000088   Code   RO         3942    i.UdsInternal_InputOutputControlByIdentifier  pdu.o
    0x08013f90   0x000000dc   Code   RO         3943    i.UdsInternal_IsSidSecurityValid  pdu.o
    0x0801406c   0x0000006c   Code   RO         3944    i.UdsInternal_IsSidSessionValid  pdu.o
    0x080140d8   0x0000003c   Code   RO         3945    i.UdsInternal_IsSidValid  pdu.o
    0x08014114   0x000000c8   Code   RO         3946    i.UdsInternal_Process  pdu.o
    0x080141dc   0x00000018   Code   RO         3947    i.UdsInternal_ProcessingDone  pdu.o
    0x080141f4   0x0000012e   Code   RO         3948    i.UdsInternal_ReadDTCInformation  pdu.o
    0x08014322   0x00000096   Code   RO         3949    i.UdsInternal_ReadDataByIdentifier  pdu.o
    0x080143b8   0x000000c2   Code   RO         3950    i.UdsInternal_RoutineControl  pdu.o
    0x0801447a   0x00000002   PAD
    0x0801447c   0x00000170   Code   RO         3951    i.UdsInternal_SecurityAccess  pdu.o
    0x080145ec   0x00000076   Code   RO         3952    i.UdsInternal_TesterPresent  pdu.o
    0x08014662   0x0000008c   Code   RO         3953    i.UdsInternal_WriteDataByIdentifier  pdu.o
    0x080146ee   0x00000002   PAD
    0x080146f0   0x00000034   Code   RO         3954    i.Uds_CanTpProvideRxBuffer  pdu.o
    0x08014724   0x00000018   Code   RO         3956    i.Uds_CanTpRxIndication  pdu.o
    0x0801473c   0x00000014   Code   RO         3957    i.Uds_CanTpTxConfirmation  pdu.o
    0x08014750   0x00000034   Code   RO         4251    i.Uds_ClearDTC      uds_interface.o
    0x08014784   0x00000056   Code   RO         4253    i.Uds_CommunicationControl  uds_interface.o
    0x080147da   0x00000036   Code   RO         4254    i.Uds_CompareKey    uds_interface.o
    0x08014810   0x00000020   Code   RO         4255    i.Uds_ControlDTCSetting  uds_interface.o
    0x08014830   0x0000000c   Code   RO         4256    i.Uds_DiagnosticSessionControl  uds_interface.o
    0x0801483c   0x0000003c   Code   RO         4257    i.Uds_DiagnosticSessionControlPreCheck  uds_interface.o
    0x08014878   0x00000016   Code   RO         4258    i.Uds_EcuReset      uds_interface.o
    0x0801488e   0x00000006   Code   RO         4259    i.Uds_EcuResetPreCheck  uds_interface.o
    0x08014894   0x00000064   Code   RO         3958    i.Uds_ErrorHandle   pdu.o
    0x080148f8   0x00000048   Code   RO         3959    i.Uds_GetServiceTable  pdu.o
    0x08014940   0x0000000c   Code   RO         4260    i.Uds_GetTime       uds_interface.o
    0x0801494c   0x00000034   Code   RO         3961    i.Uds_Init          pdu.o
    0x08014980   0x0000001e   Code   RO         4261    i.Uds_InputOutputControlByIdentifier  uds_interface.o
    0x0801499e   0x00000002   PAD
    0x080149a0   0x00000020   Code   RO         3962    i.Uds_MainTask      pdu.o
    0x080149c0   0x000002c4   Code   RO         4263    i.Uds_ReadDataByIdentifier  uds_interface.o
    0x08014c84   0x0000000c   Code   RO         4264    i.Uds_ReadDtcStatus  uds_interface.o
    0x08014c90   0x00000084   Code   RO         4267    i.Uds_ReportDTCByStatusMask  uds_interface.o
    0x08014d14   0x0000005c   Code   RO         4282    i.Uds_ReportNumberOfDTCByStatusMask  uds_interface.o
    0x08014d70   0x0000007c   Code   RO         4286    i.Uds_ReportSupportedDTC  uds_interface.o
    0x08014dec   0x0000001a   Code   RO         4287    i.Uds_RequestSeed   uds_interface.o
    0x08014e06   0x0000002a   Code   RO         4288    i.Uds_RoutineControl  uds_interface.o
    0x08014e30   0x00000002   Code   RO         4290    i.Uds_TesterPresent  uds_interface.o
    0x08014e32   0x00000002   PAD
    0x08014e34   0x00000010   Code   RO         3964    i.Uds_Tick          pdu.o
    0x08014e44   0x0000010c   Code   RO         4292    i.Uds_WriteDataByIdentifier  uds_interface.o
    0x08014f50   0x00000004   Code   RO         1656    i.WFI_SET           sys.o
    0x08014f54   0x00000018   Code   RO         1873    i.Writ_KEY          adc.o
    0x08014f6c   0x00000034   Code   RO          219    i.Write_car         inputscantask.o
    0x08014fa0   0x00000060   Code   RO         1292    i.Write_sendcache   testcmd.o
    0x08015000   0x0000004e   Code   RO         1804    i._HARDWARE_INT     hardware.o
    0x0801504e   0x00000028   Code   RO         4833    i.__ARM_fpclassify  m_ws.l(fpclassify.o)
    0x08015076   0x0000000e   Code   RO         4613    i._is_digit         c_w.l(__printf_wp.o)
    0x08015084   0x00000004   Code   RO         1963    i._sys_exit         usart.o
    0x08015088   0x0000006c   Code   RO          298    i.batctrl_log       wakeuptask.o
    0x080150f4   0x00000020   Code   RO          476    i.can_task          cantask.o
    0x08015114   0x00000020   Code   RO         1188    i.cl_ladtc          laroundexp.o
    0x08015134   0x00000028   Code   RO          754    i.cl_mpudtc         uartexp.o
    0x0801515c   0x0000000c   Code   RO          299    i.cl_upcnt          wakeuptask.o
    0x08015168   0x00000030   Code   RO          755    i.clean_TXtask      uartexp.o
    0x08015198   0x00000010   Code   RO         1874    i.clear_KEYvalue    adc.o
    0x080151a8   0x00000040   Code   RO         1754    i.delay_ms          delay.o
    0x080151e8   0x0000001c   Code   RO          756    i.delay_task        uartexp.o
    0x08015204   0x00000048   Code   RO         1755    i.delay_us          delay.o
    0x0801524c   0x00000018   Code   RO         1756    i.delay_xms         delay.o
    0x08015264   0x00000094   Code   RO         2539    i.devTEF665x_Patch_Init  radio.o
    0x080152f8   0x00000054   Code   RO         2540    i.devTEF665x_Patch_Load  radio.o
    0x0801534c   0x00000012   Code   RO         2541    i.devTEF665x_Write  radio.o
    0x0801535e   0x00000026   Code   RO         2542    i.devTEF665x_WriteTab  radio.o
    0x08015384   0x0000001c   Code   RO         2188    i.disable_exit      exti.o
    0x080153a0   0x000000c8   Code   RO          757    i.factorymode_explain  uartexp.o
    0x08015468   0x0000001c   Code   RO         1964    i.fputc             usart.o
    0x08015484   0x00000128   Code   RO         2543    i.get_version       radio.o
    0x080155ac   0x00000030   Code   RO         1875    i.getbattervalue    adc.o
    0x080155dc   0x00000038   Code   RO         1876    i.getchvalue        adc.o
    0x08015614   0x0000001c   Code   RO          758    i.lock_check        uartexp.o
    0x08015630   0x00000034   Code   RO          759    i.loop_task         uartexp.o
    0x08015664   0x000000a0   Code   RO          638    i.main              test.o
    0x08015704   0x00000004   Code   RO          760    i.null              uartexp.o
    0x08015708   0x00000060   Code   RO         1293    i.power_check       testcmd.o
    0x08015768   0x00000098   Code   RO         3248    i.prvAddCurrentTaskToDelayedList  tasks.o
    0x08015800   0x000000b4   Code   RO         3249    i.prvAddNewTaskToReadyList  tasks.o
    0x080158b4   0x00000064   Code   RO         3586    i.prvCheckForValidListAndQueue  timers.o
    0x08015918   0x00000048   Code   RO         3250    i.prvCheckTasksWaitingTermination  tasks.o
    0x08015960   0x0000002a   Code   RO         2934    i.prvCopyDataFromQueue  queue.o
    0x0801598a   0x0000007c   Code   RO         2935    i.prvCopyDataToQueue  queue.o
    0x08015a06   0x00000012   Code   RO         3251    i.prvDeleteTCB      tasks.o
    0x08015a18   0x00000028   Code   RO         3587    i.prvGetNextExpireTime  timers.o
    0x08015a40   0x0000007c   Code   RO         3787    i.prvHeapInit       heap_4.o
    0x08015abc   0x00000026   Code   RO         2938    i.prvInitialiseNewQueue  queue.o
    0x08015ae2   0x00000090   Code   RO         3252    i.prvInitialiseNewTask  tasks.o
    0x08015b72   0x0000002e   Code   RO         3588    i.prvInitialiseNewTimer  timers.o
    0x08015ba0   0x00000068   Code   RO         3253    i.prvInitialiseTaskLists  tasks.o
    0x08015c08   0x00000068   Code   RO         3788    i.prvInsertBlockIntoFreeList  heap_4.o
    0x08015c70   0x00000058   Code   RO         3589    i.prvInsertTimerInActiveList  timers.o
    0x08015cc8   0x0000001a   Code   RO         2939    i.prvIsQueueEmpty   queue.o
    0x08015ce2   0x0000001e   Code   RO         2940    i.prvIsQueueFull    queue.o
    0x08015d00   0x0000004c   Code   RO         3590    i.prvProcessExpiredTimer  timers.o
    0x08015d4c   0x000000cc   Code   RO         3591    i.prvProcessReceivedCommands  timers.o
    0x08015e18   0x00000074   Code   RO         3592    i.prvProcessTimerOrBlockTask  timers.o
    0x08015e8c   0x00000034   Code   RO         3254    i.prvResetNextTaskUnblockTime  tasks.o
    0x08015ec0   0x0000002c   Code   RO         3593    i.prvSampleTimeNow  timers.o
    0x08015eec   0x00000084   Code   RO         3594    i.prvSwitchTimerLists  timers.o
    0x08015f70   0x00000016   Code   RO         3717    i.prvTaskExitError  port.o
    0x08015f86   0x0000001a   Code   RO         3595    i.prvTimerTask      timers.o
    0x08015fa0   0x00000028   Code   RO         3257    i.prvUDS_IDLETask   tasks.o
    0x08015fc8   0x0000007e   Code   RO         2941    i.prvUnlockQueue    queue.o
    0x08016046   0x00000002   PAD
    0x08016048   0x000000d0   Code   RO         3789    i.pvPortMalloc      heap_4.o
    0x08016118   0x00000024   Code   RO         3718    i.pxPortInitialiseStack  port.o
    0x0801613c   0x00000024   Code   RO          639    i.start_task        test.o
    0x08016160   0x000000dc   Code   RO         1965    i.uart1_init        usart.o
    0x0801623c   0x00000044   Code   RO         1966    i.uart2GetByte      usart.o
    0x08016280   0x000000f4   Code   RO          398    i.uart2Process      uarttask.o
    0x08016374   0x000000ec   Code   RO         1967    i.uart2_init        usart.o
    0x08016460   0x00000048   Code   RO         1968    i.uart3GetByte      usart.o
    0x080164a8   0x00000140   Code   RO          399    i.uart3Process      uarttask.o
    0x080165e8   0x000000dc   Code   RO         1969    i.uart3_init        usart.o
    0x080166c4   0x00000030   Code   RO          400    i.uartTASK_Create   uarttask.o
    0x080166f4   0x0000005c   Code   RO          401    i.uart_process      uarttask.o
    0x08016750   0x00000044   Code   RO          402    i.uart_task         uarttask.o
    0x08016794   0x00000030   Code   RO          615    i.udsTASK_Create    udstask.o
    0x080167c4   0x00000134   Code   RO         4157    i.uds_dtc_check     dtc.o
    0x080168f8   0x0000000c   Code   RO         4158    i.uds_dtc_disable   dtc.o
    0x08016904   0x0000000c   Code   RO         4159    i.uds_dtc_enable    dtc.o
    0x08016910   0x0000002e   Code   RO          616    i.uds_task          udstask.o
    0x0801693e   0x0000003a   Code   RO          761    i.up_explain        uartexp.o
    0x08016978   0x00000028   Code   RO         2894    i.uxListRemove      list.o
    0x080169a0   0x0000001a   Code   RO         2895    i.vListInitialise   list.o
    0x080169ba   0x00000006   Code   RO         2896    i.vListInitialiseItem  list.o
    0x080169c0   0x00000034   Code   RO         2897    i.vListInsert       list.o
    0x080169f4   0x00000018   Code   RO         2898    i.vListInsertEnd    list.o
    0x08016a0c   0x00000024   Code   RO         3720    i.vPortEnterCritical  port.o
    0x08016a30   0x00000020   Code   RO         3721    i.vPortExitCritical  port.o
    0x08016a50   0x00000048   Code   RO         3790    i.vPortFree         heap_4.o
    0x08016a98   0x00000028   Code   RO         3722    i.vPortSetupTimerInterrupt  port.o
    0x08016ac0   0x0000002c   Code   RO         2945    i.vQueueAddToRegistry  queue.o
    0x08016aec   0x0000004a   Code   RO         2948    i.vQueueWaitForMessageRestricted  queue.o
    0x08016b36   0x00000002   PAD
    0x08016b38   0x00000034   Code   RO         3265    i.vTaskDelay        tasks.o
    0x08016b6c   0x00000074   Code   RO         3266    i.vTaskDelayUntil   tasks.o
    0x08016be0   0x000000cc   Code   RO         3267    i.vTaskDelete       tasks.o
    0x08016cac   0x00000018   Code   RO         3269    i.vTaskInternalSetTimeOutState  tasks.o
    0x08016cc4   0x0000000c   Code   RO         3270    i.vTaskMissedYield  tasks.o
    0x08016cd0   0x00000020   Code   RO         3272    i.vTaskPlaceOnEventList  tasks.o
    0x08016cf0   0x00000028   Code   RO         3273    i.vTaskPlaceOnEventListRestricted  tasks.o
    0x08016d18   0x00000074   Code   RO         3280    i.vTaskStartScheduler  tasks.o
    0x08016d8c   0x00000010   Code   RO         3282    i.vTaskSuspendAll   tasks.o
    0x08016d9c   0x00000060   Code   RO         3283    i.vTaskSwitchContext  tasks.o
    0x08016dfc   0x00000030   Code   RO          300    i.wakeupTASK_Create  wakeuptask.o
    0x08016e2c   0x0000000e   Code   RO          301    i.wakeup_task       wakeuptask.o
    0x08016e3a   0x00000002   PAD
    0x08016e3c   0x00000034   Code   RO         3723    i.xPortStartScheduler  port.o
    0x08016e70   0x00000034   Code   RO         3724    i.xPortSysTickHandler  port.o
    0x08016ea4   0x00000038   Code   RO         2951    i.xQueueGenericCreate  queue.o
    0x08016edc   0x00000080   Code   RO         2952    i.xQueueGenericReset  queue.o
    0x08016f5c   0x00000118   Code   RO         2953    i.xQueueGenericSend  queue.o
    0x08017074   0x00000086   Code   RO         2954    i.xQueueGenericSendFromISR  queue.o
    0x080170fa   0x00000002   PAD
    0x080170fc   0x00000104   Code   RO         2960    i.xQueueReceive     queue.o
    0x08017200   0x0000005c   Code   RO         3284    i.xTaskCheckForTimeOut  tasks.o
    0x0801725c   0x00000060   Code   RO         3285    i.xTaskCreate       tasks.o
    0x080172bc   0x00000020   Code   RO         3289    i.xTaskGetSchedulerState  tasks.o
    0x080172dc   0x0000000c   Code   RO         3290    i.xTaskGetTickCount  tasks.o
    0x080172e8   0x0000011c   Code   RO         3292    i.xTaskIncrementTick  tasks.o
    0x08017404   0x00000084   Code   RO         3295    i.xTaskPriorityDisinherit  tasks.o
    0x08017488   0x00000080   Code   RO         3297    i.xTaskRemoveFromEventList  tasks.o
    0x08017508   0x000000e8   Code   RO         3298    i.xTaskResumeAll    tasks.o
    0x080175f0   0x00000030   Code   RO         3598    i.xTimerCreate      timers.o
    0x08017620   0x00000040   Code   RO         3599    i.xTimerCreateTimerTask  timers.o
    0x08017660   0x0000006c   Code   RO         3600    i.xTimerGenericCommand  timers.o
    0x080176cc   0x0000002c   Code   RO         4825    locale$$code        c_w.l(lc_numeric_c.o)
    0x080176f8   0x00000062   Code   RO         4647    x$fpl$d2f           fz_ws.l(d2f.o)
    0x0801775a   0x00000002   PAD
    0x0801775c   0x00000150   Code   RO         4649    x$fpl$dadd          fz_ws.l(daddsub_clz.o)
    0x080178ac   0x000002b0   Code   RO         4656    x$fpl$ddiv          fz_ws.l(ddiv.o)
    0x08017b5c   0x0000005a   Code   RO         4659    x$fpl$dfixu         fz_ws.l(dfixu.o)
    0x08017bb6   0x00000026   Code   RO         4663    x$fpl$dfltu         fz_ws.l(dflt_clz.o)
    0x08017bdc   0x00000154   Code   RO         4669    x$fpl$dmul          fz_ws.l(dmul.o)
    0x08017d30   0x0000009c   Code   RO         4760    x$fpl$dnaninf       fz_ws.l(dnaninf.o)
    0x08017dcc   0x0000000c   Code   RO         4762    x$fpl$dretinf       fz_ws.l(dretinf.o)
    0x08017dd8   0x000001d4   Code   RO         4651    x$fpl$dsub          fz_ws.l(daddsub_clz.o)
    0x08017fac   0x00000056   Code   RO         4671    x$fpl$f2d           fz_ws.l(f2d.o)
    0x08018002   0x00000002   PAD
    0x08018004   0x000000c4   Code   RO         4673    x$fpl$fadd          fz_ws.l(faddsub_clz.o)
    0x080180c8   0x00000184   Code   RO         4680    x$fpl$fdiv          fz_ws.l(fdiv.o)
    0x0801824c   0x0000003e   Code   RO         4683    x$fpl$ffixu         fz_ws.l(ffixu.o)
    0x0801828a   0x00000002   PAD
    0x0801828c   0x00000026   Code   RO         4687    x$fpl$ffltu         fz_ws.l(fflt_clz.o)
    0x080182b2   0x00000002   PAD
    0x080182b4   0x00000102   Code   RO         4693    x$fpl$fmul          fz_ws.l(fmul.o)
    0x080183b6   0x0000008c   Code   RO         4764    x$fpl$fnaninf       fz_ws.l(fnaninf.o)
    0x08018442   0x0000000a   Code   RO         4766    x$fpl$fretinf       fz_ws.l(fretinf.o)
    0x0801844c   0x00000014   Code   RO         4674    x$fpl$frsb          fz_ws.l(faddsub_clz.o)
    0x08018460   0x000000ea   Code   RO         4675    x$fpl$fsub          fz_ws.l(faddsub_clz.o)
    0x0801854a   0x00000004   Code   RO         4695    x$fpl$printf1       fz_ws.l(printf1.o)
    0x0801854e   0x00000000   Code   RO         4768    x$fpl$usenofp       fz_ws.l(usenofp.o)
    0x0801854e   0x00000002   PAD
    0x08018550   0x00000010   Data   RO         1295    .constdata          testcmd.o
    0x08018560   0x00000018   Data   RO         2337    .constdata          rtc.o
    0x08018578   0x0000172c   Data   RO         2545    .constdata          radio.o
    0x08019ca4   0x0000021c   Data   RO         4234    .constdata          uds_cfg.o
    0x08019ec0   0x00000028   Data   RO         4586    .constdata          c_w.l(_printf_hex_int.o)
    0x08019ee8   0x00000011   Data   RO         4616    .constdata          c_w.l(__printf_flags_wp.o)
    0x08019ef9   0x00000003   PAD
    0x08019efc   0x00000094   Data   RO         4796    .constdata          c_w.l(bigflt0.o)
    0x08019f90   0x00000095   Data   RO          404    .conststring        uarttask.o
    0x0801a025   0x00000003   PAD
    0x0801a028   0x00000018   Data   RO         1791    .conststring        information.o
    0x0801a040   0x00000020   Data   RO         4920    Region$$Table       anon$$obj.o
    0x0801a060   0x0000001c   Data   RO         4824    locale$$data        c_w.l(lc_numeric_c.o)


    Execution Region RW_IRAM1 (Base: 0x20000000, Size: 0x0000a628, Max: 0x0000c000, ABSOLUTE, COMPRESSED[0x00000244])

    Base Addr    Size         Type   Attr      Idx    E Section Name        Object

    0x20000000   0x00000004   Data   RW           12    .data               softimers.o
    0x20000004   0x00000013   Data   RW          221    .data               inputscantask.o
    0x20000017   0x00000001   PAD
    0x20000018   0x00000020   Data   RW          302    .data               wakeuptask.o
    0x20000038   0x0000000e   Data   RW          373    .data               uartexptask.o
    0x20000046   0x00000002   PAD
    0x20000048   0x0000001e   Data   RW          405    .data               uarttask.o
    0x20000066   0x00000002   PAD
    0x20000068   0x00000035   Data   RW          478    .data               cantask.o
    0x2000009d   0x00000003   PAD
    0x200000a0   0x00000004   Data   RW          617    .data               udstask.o
    0x200000a4   0x00000004   Data   RW          640    .data               test.o
    0x200000a8   0x00001246   Data   RW          763    .data               uartexp.o
    0x200012ee   0x0000002f   Data   RW         1190    .data               laroundexp.o
    0x2000131d   0x00000001   PAD
    0x2000131e   0x00000010   Data   RW         1296    .data               testcmd.o
    0x2000132e   0x00000008   Data   RW         1518    .data               tw2836.o
    0x20001336   0x00000002   PAD
    0x20001338   0x00000004   Data   RW         1657    .data               sys.o
    0x2000133c   0x00000004   Data   RW         1757    .data               delay.o
    0x20001340   0x000000f2   Data   RW         1792    .data               information.o
    0x20001432   0x00000003   Data   RW         1818    .data               input.o
    0x20001435   0x00000001   PAD
    0x20001436   0x00000004   Data   RW         1880    .data               adc.o
    0x2000143a   0x00000002   PAD
    0x2000143c   0x0000000c   Data   RW         1971    .data               usart.o
    0x20001448   0x00000002   Data   RW         2237    .data               can.o
    0x2000144a   0x00000002   PAD
    0x2000144c   0x00000016   Data   RW         2338    .data               rtc.o
    0x20001462   0x00000002   PAD
    0x20001464   0x00000087   Data   RW         2546    .data               radio.o
    0x200014eb   0x00000008   Data   RW         2697    .data               24cxx.o
    0x200014f3   0x00000001   PAD
    0x200014f4   0x0000003c   Data   RW         3301    .data               tasks.o
    0x20001530   0x00000014   Data   RW         3608    .data               timers.o
    0x20001544   0x00000004   Data   RW         3725    .data               port.o
    0x20001548   0x00000018   Data   RW         3795    .data               heap_4.o
    0x20001560   0x00000004   Data   RW         4162    .data               dtc.o
    0x20001564   0x00000001   Data   RW         4220    .data               det.o
    0x20001565   0x00000003   PAD
    0x20001568   0x00000070   Data   RW         4294    .data               uds_interface.o
    0x200015d8   0x00000020   Zero   RW          220    .bss                inputscantask.o
    0x200015f8   0x00000120   Zero   RW          403    .bss                uarttask.o
    0x20001718   0x000001f8   Zero   RW          477    .bss                cantask.o
    0x20001910   0x00000130   Zero   RW          762    .bss                uartexp.o
    0x20001a40   0x00000012   Zero   RW         1189    .bss                laroundexp.o
    0x20001a52   0x00000b12   Zero   RW         1294    .bss                testcmd.o
    0x20002564   0x0000002a   Zero   RW         1790    .bss                information.o
    0x2000258e   0x000000e6   Zero   RW         1878    .bss                adc.o
    0x20002674   0x0000050a   Zero   RW         1970    .bss                usart.o
    0x20002b7e   0x00000800   Zero   RW         2120    .bss                stmflash.o
    0x2000337e   0x00000002   PAD
    0x20003380   0x0000048c   Zero   RW         2236    .bss                can.o
    0x2000380c   0x0000010a   Zero   RW         2544    .bss                radio.o
    0x20003916   0x00000037   Zero   RW         2696    .bss                24cxx.o
    0x2000394d   0x00000003   PAD
    0x20003950   0x00000040   Zero   RW         2963    .bss                queue.o
    0x20003990   0x00000190   Zero   RW         3300    .bss                tasks.o
    0x20003b20   0x00000028   Zero   RW         3607    .bss                timers.o
    0x20003b48   0x00004800   Zero   RW         3794    .bss                heap_4.o
    0x20008348   0x00000028   Zero   RW         3884    .bss                cantp.o
    0x20008370   0x00000248   Zero   RW         3965    .bss                pdu.o
    0x200085b8   0x0000000c   Zero   RW         4161    .bss                dtc.o
    0x200085c4   0x00000060   Zero   RW         4836    .bss                c_w.l(libspace.o)
    0x20008624   0x00000004   PAD
    0x20008628   0x00000000   Zero   RW            2    HEAP                startup_stm32f10x_hd.o
    0x20008628   0x00002000   Zero   RW            1    STACK               startup_stm32f10x_hd.o

